[2025-12-16T15:11:12.071+0000][2949][info][gc,init] CardTable entry size: 512
[2025-12-16T15:11:12.071+0000][2949][info][gc     ] Using G1
[2025-12-16T15:11:13.304+0000][2949][info][gc,init] Version: 25.0.1+8-27 (release)
[2025-12-16T15:11:13.304+0000][2949][info][gc,init] CPUs: 14 total, 14 available
[2025-12-16T15:11:13.304+0000][2949][info][gc,init] Memory: 98304M
[2025-12-16T15:11:13.304+0000][2949][info][gc,init] Large Page Support: Disabled
[2025-12-16T15:11:13.304+0000][2949][info][gc,init] NUMA Support: Disabled
[2025-12-16T15:11:13.304+0000][2949][info][gc,init] Compressed Oops: Enabled (Non-zero based)
[2025-12-16T15:11:13.304+0000][2949][info][gc,init] Heap Region Size: 16M
[2025-12-16T15:11:13.304+0000][2949][info][gc,init] Heap Min Capacity: 31G
[2025-12-16T15:11:13.304+0000][2949][info][gc,init] Heap Initial Capacity: 31G
[2025-12-16T15:11:13.304+0000][2949][info][gc,init] Heap Max Capacity: 31G
[2025-12-16T15:11:13.304+0000][2949][info][gc,init] Pre-touch: Enabled
[2025-12-16T15:11:13.304+0000][2949][info][gc,init] Parallel Workers: 11
[2025-12-16T15:11:13.304+0000][2949][info][gc,init] Concurrent Workers: 3
[2025-12-16T15:11:13.304+0000][2949][info][gc,init] Concurrent Refinement Workers: 11
[2025-12-16T15:11:13.304+0000][2949][info][gc,init] Periodic GC: Disabled
[2025-12-16T15:11:13.304+0000][2949][info][gc,metaspace] CDS archive(s) not mapped
[2025-12-16T15:11:13.304+0000][2949][info][gc,metaspace] Compressed class space mapped at: 0x000007f800000000-0x000007f840000000, reserved size: 1073741824
[2025-12-16T15:11:13.304+0000][2949][info][gc,metaspace] UseCompressedClassPointers 1, UseCompactObjectHeaders 0
[2025-12-16T15:11:13.304+0000][2949][info][gc,metaspace] Narrow klass pointer bits 32, Max shift 3
[2025-12-16T15:11:13.304+0000][2949][info][gc,metaspace] Narrow klass base: 0x000007f800000000, Narrow klass shift: 0
[2025-12-16T15:11:13.304+0000][2949][info][gc,metaspace] Encoding Range: [0x000007f800000000 - 0x000007f900000000), (4294967296 bytes)
[2025-12-16T15:11:13.304+0000][2949][info][gc,metaspace] Klass Range:    [0x000007f800000000 - 0x000007f840000000), (1073741824 bytes)
[2025-12-16T15:11:13.304+0000][2949][info][gc,metaspace] Klass ID Range:  [8 - 1073741817) (1073741809)
[2025-12-16T15:11:13.304+0000][2949][info][gc,metaspace] Protection zone: [0x000007f800000000 - 0x000007f800010000), (65536 bytes)
[2025-12-16T15:11:13.871+0000][2949][info][gc,start    ] GC(0) Pause Young (Concurrent Start) (Metadata GC Threshold)
[2025-12-16T15:11:13.871+0000][2949][info][gc,task     ] GC(0) Using 11 workers of 11 for evacuation
[2025-12-16T15:11:13.871+0000][2949][debug][gc,age      ] GC(0) Desired survivor size 109051904 bytes, new threshold 15 (max threshold 15)
[2025-12-16T15:11:13.874+0000][2949][info ][gc,phases   ] GC(0)   Pre Evacuate Collection Set: 0.22ms
[2025-12-16T15:11:13.874+0000][2949][info ][gc,phases   ] GC(0)   Merge Heap Roots: 0.04ms
[2025-12-16T15:11:13.874+0000][2949][info ][gc,phases   ] GC(0)   Evacuate Collection Set: 2.24ms
[2025-12-16T15:11:13.874+0000][2949][info ][gc,phases   ] GC(0)   Post Evacuate Collection Set: 0.49ms
[2025-12-16T15:11:13.874+0000][2949][info ][gc,phases   ] GC(0)   Other: 0.14ms
[2025-12-16T15:11:13.874+0000][2949][trace][gc,age      ] GC(0) Age table:
[2025-12-16T15:11:13.874+0000][2949][trace][gc,age      ] GC(0) - age   1:   11492416 bytes,   11492416 total
[2025-12-16T15:11:13.874+0000][2949][info ][gc,heap     ] GC(0) Eden regions: 7->0(98)
[2025-12-16T15:11:13.874+0000][2949][info ][gc,heap     ] GC(0) Survivor regions: 0->1(13)
[2025-12-16T15:11:13.874+0000][2949][info ][gc,heap     ] GC(0) Old regions: 0->0
[2025-12-16T15:11:13.874+0000][2949][info ][gc,heap     ] GC(0) Humongous regions: 0->0
[2025-12-16T15:11:13.874+0000][2949][info ][gc,metaspace] GC(0) Metaspace: 21209K(21504K)->21209K(21504K) NonClass: 19411K(19584K)->19411K(19584K) Class: 1797K(1920K)->1797K(1920K)
[2025-12-16T15:11:13.874+0000][2949][info ][gc          ] GC(0) Pause Young (Concurrent Start) (Metadata GC Threshold) 112M->11M(31744M) 3.364ms
[2025-12-16T15:11:13.874+0000][2949][info ][gc,cpu      ] GC(0) User=0.03s Sys=0.00s Real=0.00s
[2025-12-16T15:11:13.874+0000][2949][info ][gc          ] GC(1) Concurrent Mark Cycle
[2025-12-16T15:11:13.874+0000][2949][info ][gc,marking  ] GC(1) Concurrent Scan Root Regions
[2025-12-16T15:11:13.874+0000][2949][info ][safepoint   ] Safepoint "CollectForMetadataAllocation", Time since last: 558727250 ns, Reaching safepoint: 3292 ns, At safepoint: 3433041 ns, Leaving safepoint: 3834 ns, Total: 3440167 ns, Threads: 0 runnable, 12 total
[2025-12-16T15:11:13.878+0000][2949][info ][gc,marking  ] GC(1) Concurrent Scan Root Regions 3.641ms
[2025-12-16T15:11:13.878+0000][2949][info ][gc,marking  ] GC(1) Concurrent Mark
[2025-12-16T15:11:13.878+0000][2949][info ][gc,marking  ] GC(1) Concurrent Mark From Roots
[2025-12-16T15:11:13.878+0000][2949][info ][gc,task     ] GC(1) Using 3 workers of 3 for marking
[2025-12-16T15:11:13.879+0000][2949][info ][gc,marking  ] GC(1) Concurrent Mark From Roots 0.447ms
[2025-12-16T15:11:13.879+0000][2949][info ][gc,marking  ] GC(1) Concurrent Preclean
[2025-12-16T15:11:13.879+0000][2949][info ][gc,marking  ] GC(1) Concurrent Preclean 0.007ms
[2025-12-16T15:11:13.879+0000][2949][info ][gc,start    ] GC(1) Pause Remark
[2025-12-16T15:11:13.880+0000][2949][info ][gc          ] GC(1) Pause Remark 27M->27M(31744M) 0.898ms
[2025-12-16T15:11:13.880+0000][2949][info ][gc,cpu      ] GC(1) User=0.01s Sys=0.00s Real=0.01s
[2025-12-16T15:11:13.880+0000][2949][info ][safepoint   ] Safepoint "G1PauseRemark", Time since last: 4141375 ns, Reaching safepoint: 19375 ns, At safepoint: 966291 ns, Leaving safepoint: 11209 ns, Total: 996875 ns, Threads: 2 runnable, 12 total
[2025-12-16T15:11:13.880+0000][2949][info ][gc,marking  ] GC(1) Concurrent Mark 1.497ms
[2025-12-16T15:11:13.880+0000][2949][info ][gc,marking  ] GC(1) Concurrent Rebuild Remembered Sets and Scrub Regions
[2025-12-16T15:11:13.880+0000][2949][info ][gc,marking  ] GC(1) Concurrent Rebuild Remembered Sets and Scrub Regions 0.039ms
[2025-12-16T15:11:13.880+0000][2949][info ][gc,start    ] GC(1) Pause Cleanup
[2025-12-16T15:11:13.880+0000][2949][info ][gc          ] GC(1) Pause Cleanup 27M->27M(31744M) 0.010ms
[2025-12-16T15:11:13.880+0000][2949][info ][gc,cpu      ] GC(1) User=0.00s Sys=0.00s Real=0.00s
[2025-12-16T15:11:13.880+0000][2949][info ][safepoint   ] Safepoint "G1PauseCleanup", Time since last: 86125 ns, Reaching safepoint: 18416 ns, At safepoint: 41834 ns, Leaving safepoint: 2000 ns, Total: 62250 ns, Threads: 1 runnable, 12 total
[2025-12-16T15:11:13.880+0000][2949][info ][gc,marking  ] GC(1) Concurrent Clear Claimed Marks
[2025-12-16T15:11:13.880+0000][2949][info ][gc,marking  ] GC(1) Concurrent Clear Claimed Marks 0.009ms
[2025-12-16T15:11:13.880+0000][2949][info ][gc,marking  ] GC(1) Concurrent Cleanup for Next Mark
[2025-12-16T15:11:13.898+0000][2949][info ][gc,marking  ] GC(1) Concurrent Cleanup for Next Mark 18.440ms
[2025-12-16T15:11:13.898+0000][2949][info ][gc          ] GC(1) Concurrent Mark Cycle 23.846ms
[2025-12-16T15:11:15.198+0000][2949][info ][gc,start    ] GC(2) Pause Young (Normal) (G1 Evacuation Pause)
[2025-12-16T15:11:15.198+0000][2949][info ][gc,task     ] GC(2) Using 11 workers of 11 for evacuation
[2025-12-16T15:11:15.198+0000][2949][debug][gc,age      ] GC(2) Desired survivor size 109051904 bytes, new threshold 15 (max threshold 15)
[2025-12-16T15:11:15.205+0000][2949][info ][gc,phases   ] GC(2)   Pre Evacuate Collection Set: 0.26ms
[2025-12-16T15:11:15.205+0000][2949][info ][gc,phases   ] GC(2)   Merge Heap Roots: 0.07ms
[2025-12-16T15:11:15.205+0000][2949][info ][gc,phases   ] GC(2)   Evacuate Collection Set: 5.46ms
[2025-12-16T15:11:15.205+0000][2949][info ][gc,phases   ] GC(2)   Post Evacuate Collection Set: 0.89ms
[2025-12-16T15:11:15.205+0000][2949][info ][gc,phases   ] GC(2)   Other: 0.14ms
[2025-12-16T15:11:15.205+0000][2949][trace][gc,age      ] GC(2) Age table:
[2025-12-16T15:11:15.205+0000][2949][trace][gc,age      ] GC(2) - age   1:    9126392 bytes,    9126392 total
[2025-12-16T15:11:15.205+0000][2949][trace][gc,age      ] GC(2) - age   2:   11437088 bytes,   20563480 total
[2025-12-16T15:11:15.205+0000][2949][info ][gc,heap     ] GC(2) Eden regions: 98->0(502)
[2025-12-16T15:11:15.205+0000][2949][info ][gc,heap     ] GC(2) Survivor regions: 1->2(13)
[2025-12-16T15:11:15.205+0000][2949][info ][gc,heap     ] GC(2) Old regions: 0->0
[2025-12-16T15:11:15.205+0000][2949][info ][gc,heap     ] GC(2) Humongous regions: 0->0
[2025-12-16T15:11:15.205+0000][2949][info ][gc,metaspace] GC(2) Metaspace: 32659K(33408K)->32659K(33408K) NonClass: 29883K(30336K)->29883K(30336K) Class: 2775K(3072K)->2775K(3072K)
[2025-12-16T15:11:15.205+0000][2949][info ][gc          ] GC(2) Pause Young (Normal) (G1 Evacuation Pause) 1579M->21M(31744M) 7.064ms
[2025-12-16T15:11:15.205+0000][2949][info ][gc,cpu      ] GC(2) User=0.05s Sys=0.02s Real=0.01s
[2025-12-16T15:11:15.205+0000][2949][info ][safepoint   ] Safepoint "G1CollectForAllocation", Time since last: 1318116041 ns, Reaching safepoint: 2917 ns, At safepoint: 7105917 ns, Leaving safepoint: 28041 ns, Total: 7136875 ns, Threads: 0 runnable, 15 total
[2025-12-16T15:11:15.535+0000][2949][info ][safepoint   ] Safepoint "SetNotifyJvmtiEventsMode", Time since last: 330347542 ns, Reaching safepoint: 4042 ns, At safepoint: 9000 ns, Leaving safepoint: 4208 ns, Total: 17250 ns, Threads: 0 runnable, 16 total
[2025-12-16T15:11:15.653+0000][2949][info ][gc,start    ] GC(3) Pause Young (Concurrent Start) (Metadata GC Threshold)
[2025-12-16T15:11:15.653+0000][2949][info ][gc,task     ] GC(3) Using 11 workers of 11 for evacuation
[2025-12-16T15:11:15.653+0000][2949][debug][gc,age      ] GC(3) Desired survivor size 528482304 bytes, new threshold 15 (max threshold 15)
[2025-12-16T15:11:15.660+0000][2949][info ][gc,phases   ] GC(3)   Pre Evacuate Collection Set: 0.23ms
[2025-12-16T15:11:15.660+0000][2949][info ][gc,phases   ] GC(3)   Merge Heap Roots: 0.04ms
[2025-12-16T15:11:15.660+0000][2949][info ][gc,phases   ] GC(3)   Evacuate Collection Set: 5.46ms
[2025-12-16T15:11:15.660+0000][2949][info ][gc,phases   ] GC(3)   Post Evacuate Collection Set: 0.64ms
[2025-12-16T15:11:15.660+0000][2949][info ][gc,phases   ] GC(3)   Other: 0.07ms
[2025-12-16T15:11:15.660+0000][2949][trace][gc,age      ] GC(3) Age table:
[2025-12-16T15:11:15.660+0000][2949][trace][gc,age      ] GC(3) - age   1:    1724048 bytes,    1724048 total
[2025-12-16T15:11:15.660+0000][2949][trace][gc,age      ] GC(3) - age   2:    8192968 bytes,    9917016 total
[2025-12-16T15:11:15.660+0000][2949][trace][gc,age      ] GC(3) - age   3:   11419760 bytes,   21336776 total
[2025-12-16T15:11:15.660+0000][2949][info ][gc,heap     ] GC(3) Eden regions: 29->0(780)
[2025-12-16T15:11:15.660+0000][2949][info ][gc,heap     ] GC(3) Survivor regions: 2->2(63)
[2025-12-16T15:11:15.660+0000][2949][info ][gc,heap     ] GC(3) Old regions: 0->0
[2025-12-16T15:11:15.660+0000][2949][info ][gc,heap     ] GC(3) Humongous regions: 0->0
[2025-12-16T15:11:15.660+0000][2949][info ][gc,metaspace] GC(3) Metaspace: 35463K(36096K)->35463K(36096K) NonClass: 32480K(32832K)->32480K(32832K) Class: 2982K(3264K)->2982K(3264K)
[2025-12-16T15:11:15.660+0000][2949][info ][gc          ] GC(3) Pause Young (Concurrent Start) (Metadata GC Threshold) 485M->22M(31744M) 6.638ms
[2025-12-16T15:11:15.660+0000][2949][info ][gc,cpu      ] GC(3) User=0.06s Sys=0.00s Real=0.01s
[2025-12-16T15:11:15.660+0000][2949][info ][gc          ] GC(4) Concurrent Mark Cycle
[2025-12-16T15:11:15.660+0000][2949][info ][gc,marking  ] GC(4) Concurrent Scan Root Regions
[2025-12-16T15:11:15.660+0000][2949][info ][safepoint   ] Safepoint "CollectForMetadataAllocation", Time since last: 117629125 ns, Reaching safepoint: 3208 ns, At safepoint: 6701375 ns, Leaving safepoint: 5750 ns, Total: 6710333 ns, Threads: 0 runnable, 16 total
[2025-12-16T15:11:15.665+0000][2949][info ][gc,marking  ] GC(4) Concurrent Scan Root Regions 5.675ms
[2025-12-16T15:11:15.665+0000][2949][info ][gc,marking  ] GC(4) Concurrent Mark
[2025-12-16T15:11:15.665+0000][2949][info ][gc,marking  ] GC(4) Concurrent Mark From Roots
[2025-12-16T15:11:15.665+0000][2949][info ][gc,task     ] GC(4) Using 3 workers of 3 for marking
[2025-12-16T15:11:15.666+0000][2949][info ][gc,marking  ] GC(4) Concurrent Mark From Roots 0.296ms
[2025-12-16T15:11:15.666+0000][2949][info ][gc,marking  ] GC(4) Concurrent Preclean
[2025-12-16T15:11:15.666+0000][2949][info ][gc,marking  ] GC(4) Concurrent Preclean 0.008ms
[2025-12-16T15:11:15.666+0000][2949][info ][gc,start    ] GC(4) Pause Remark
[2025-12-16T15:11:15.668+0000][2949][info ][gc          ] GC(4) Pause Remark 30M->30M(31744M) 2.220ms
[2025-12-16T15:11:15.668+0000][2949][info ][gc,cpu      ] GC(4) User=0.02s Sys=0.01s Real=0.00s
[2025-12-16T15:11:15.668+0000][2949][info ][safepoint   ] Safepoint "G1PauseRemark", Time since last: 6056792 ns, Reaching safepoint: 315000 ns, At safepoint: 2253750 ns, Leaving safepoint: 5583 ns, Total: 2574333 ns, Threads: 2 runnable, 16 total
[2025-12-16T15:11:15.668+0000][2949][info ][gc,marking  ] GC(4) Concurrent Mark 2.934ms
[2025-12-16T15:11:15.668+0000][2949][info ][gc,marking  ] GC(4) Concurrent Rebuild Remembered Sets and Scrub Regions
[2025-12-16T15:11:15.668+0000][2949][info ][gc,marking  ] GC(4) Concurrent Rebuild Remembered Sets and Scrub Regions 0.032ms
[2025-12-16T15:11:15.668+0000][2949][info ][gc,start    ] GC(4) Pause Cleanup
[2025-12-16T15:11:15.668+0000][2949][info ][gc          ] GC(4) Pause Cleanup 30M->30M(31744M) 0.051ms
[2025-12-16T15:11:15.668+0000][2949][info ][gc,cpu      ] GC(4) User=0.00s Sys=0.00s Real=0.00s
[2025-12-16T15:11:15.669+0000][2949][info ][safepoint   ] Safepoint "G1PauseCleanup", Time since last: 74459 ns, Reaching safepoint: 29500 ns, At safepoint: 77583 ns, Leaving safepoint: 4667 ns, Total: 111750 ns, Threads: 2 runnable, 16 total
[2025-12-16T15:11:15.669+0000][2949][info ][gc,marking  ] GC(4) Concurrent Clear Claimed Marks
[2025-12-16T15:11:15.669+0000][2949][info ][gc,marking  ] GC(4) Concurrent Clear Claimed Marks 0.026ms
[2025-12-16T15:11:15.669+0000][2949][info ][gc,marking  ] GC(4) Concurrent Cleanup for Next Mark
[2025-12-16T15:11:15.689+0000][2949][info ][safepoint   ] Safepoint "RedefineClasses", Time since last: 5051291 ns, Reaching safepoint: 23834 ns, At safepoint: 15291291 ns, Leaving safepoint: 17500 ns, Total: 15332625 ns, Threads: 0 runnable, 16 total
[2025-12-16T15:11:15.692+0000][2949][info ][gc,marking  ] GC(4) Concurrent Cleanup for Next Mark 23.253ms
[2025-12-16T15:11:15.692+0000][2949][info ][gc          ] GC(4) Concurrent Mark Cycle 32.208ms
[2025-12-16T15:11:17.021+0000][2949][info ][gc,start    ] GC(5) Pause Young (Concurrent Start) (Metadata GC Threshold)
[2025-12-16T15:11:17.021+0000][2949][info ][gc,task     ] GC(5) Using 11 workers of 11 for evacuation
[2025-12-16T15:11:17.021+0000][2949][debug][gc,age      ] GC(5) Desired survivor size 822083584 bytes, new threshold 15 (max threshold 15)
[2025-12-16T15:11:17.030+0000][2949][info ][gc,phases   ] GC(5)   Pre Evacuate Collection Set: 0.17ms
[2025-12-16T15:11:17.030+0000][2949][info ][gc,phases   ] GC(5)   Merge Heap Roots: 0.04ms
[2025-12-16T15:11:17.030+0000][2949][info ][gc,phases   ] GC(5)   Evacuate Collection Set: 7.72ms
[2025-12-16T15:11:17.030+0000][2949][info ][gc,phases   ] GC(5)   Post Evacuate Collection Set: 1.12ms
[2025-12-16T15:11:17.030+0000][2949][info ][gc,phases   ] GC(5)   Other: 0.08ms
[2025-12-16T15:11:17.030+0000][2949][trace][gc,age      ] GC(5) Age table:
[2025-12-16T15:11:17.030+0000][2949][trace][gc,age      ] GC(5) - age   1:   28398992 bytes,   28398992 total
[2025-12-16T15:11:17.030+0000][2949][trace][gc,age      ] GC(5) - age   2:    1490800 bytes,   29889792 total
[2025-12-16T15:11:17.030+0000][2949][trace][gc,age      ] GC(5) - age   3:    8144480 bytes,   38034272 total
[2025-12-16T15:11:17.030+0000][2949][trace][gc,age      ] GC(5) - age   4:   11394952 bytes,   49429224 total
[2025-12-16T15:11:17.030+0000][2949][info ][gc,heap     ] GC(5) Eden regions: 34->0(1186)
[2025-12-16T15:11:17.030+0000][2949][info ][gc,heap     ] GC(5) Survivor regions: 2->4(98)
[2025-12-16T15:11:17.030+0000][2949][info ][gc,heap     ] GC(5) Old regions: 0->0
[2025-12-16T15:11:17.030+0000][2949][info ][gc,heap     ] GC(5) Humongous regions: 0->0
[2025-12-16T15:11:17.030+0000][2949][info ][gc,metaspace] GC(5) Metaspace: 59309K(60608K)->59309K(60608K) NonClass: 53677K(54528K)->53677K(54528K) Class: 5632K(6080K)->5632K(6080K)
[2025-12-16T15:11:17.030+0000][2949][info ][gc          ] GC(5) Pause Young (Concurrent Start) (Metadata GC Threshold) 566M->50M(31744M) 9.386ms
[2025-12-16T15:11:17.030+0000][2949][info ][gc          ] GC(6) Concurrent Mark Cycle
[2025-12-16T15:11:17.030+0000][2949][info ][gc,cpu      ] GC(5) User=0.07s Sys=0.01s Real=0.01s
[2025-12-16T15:11:17.030+0000][2949][info ][gc,marking  ] GC(6) Concurrent Scan Root Regions
[2025-12-16T15:11:17.030+0000][2949][info ][safepoint   ] Safepoint "CollectForMetadataAllocation", Time since last: 1331611084 ns, Reaching safepoint: 2500 ns, At safepoint: 9485791 ns, Leaving safepoint: 3875 ns, Total: 9492166 ns, Threads: 0 runnable, 17 total
[2025-12-16T15:11:17.036+0000][2949][info ][gc,marking  ] GC(6) Concurrent Scan Root Regions 6.315ms
[2025-12-16T15:11:17.036+0000][2949][info ][gc,marking  ] GC(6) Concurrent Mark
[2025-12-16T15:11:17.036+0000][2949][info ][gc,marking  ] GC(6) Concurrent Mark From Roots
[2025-12-16T15:11:17.036+0000][2949][info ][gc,task     ] GC(6) Using 3 workers of 3 for marking
[2025-12-16T15:11:17.037+0000][2949][info ][gc,marking  ] GC(6) Concurrent Mark From Roots 0.295ms
[2025-12-16T15:11:17.037+0000][2949][info ][gc,marking  ] GC(6) Concurrent Preclean
[2025-12-16T15:11:17.037+0000][2949][info ][gc,marking  ] GC(6) Concurrent Preclean 0.007ms
[2025-12-16T15:11:17.037+0000][2949][info ][gc,start    ] GC(6) Pause Remark
[2025-12-16T15:11:17.041+0000][2949][info ][gc          ] GC(6) Pause Remark 58M->58M(31744M) 4.183ms
[2025-12-16T15:11:17.041+0000][2949][info ][gc,cpu      ] GC(6) User=0.01s Sys=0.00s Real=0.01s
[2025-12-16T15:11:17.041+0000][2949][info ][safepoint   ] Safepoint "G1PauseRemark", Time since last: 6639209 ns, Reaching safepoint: 5708 ns, At safepoint: 4240667 ns, Leaving safepoint: 2375 ns, Total: 4248750 ns, Threads: 0 runnable, 17 total
[2025-12-16T15:11:17.041+0000][2949][info ][gc,marking  ] GC(6) Concurrent Mark 4.603ms
[2025-12-16T15:11:17.041+0000][2949][info ][gc,marking  ] GC(6) Concurrent Rebuild Remembered Sets and Scrub Regions
[2025-12-16T15:11:17.041+0000][2949][info ][gc,marking  ] GC(6) Concurrent Rebuild Remembered Sets and Scrub Regions 0.035ms
[2025-12-16T15:11:17.041+0000][2949][info ][gc,start    ] GC(6) Pause Cleanup
[2025-12-16T15:11:17.041+0000][2949][info ][gc          ] GC(6) Pause Cleanup 58M->58M(31744M) 0.009ms
[2025-12-16T15:11:17.041+0000][2949][info ][gc,cpu      ] GC(6) User=0.00s Sys=0.00s Real=0.00s
[2025-12-16T15:11:17.041+0000][2949][info ][safepoint   ] Safepoint "G1PauseCleanup", Time since last: 71291 ns, Reaching safepoint: 78917 ns, At safepoint: 24208 ns, Leaving safepoint: 1250 ns, Total: 104375 ns, Threads: 1 runnable, 17 total
[2025-12-16T15:11:17.041+0000][2949][info ][gc,marking  ] GC(6) Concurrent Clear Claimed Marks
[2025-12-16T15:11:17.041+0000][2949][info ][gc,marking  ] GC(6) Concurrent Clear Claimed Marks 0.018ms
[2025-12-16T15:11:17.041+0000][2949][info ][gc,marking  ] GC(6) Concurrent Cleanup for Next Mark
[2025-12-16T15:11:17.051+0000][2949][info ][gc,marking  ] GC(6) Concurrent Cleanup for Next Mark 9.620ms
[2025-12-16T15:11:17.051+0000][2949][info ][gc          ] GC(6) Concurrent Mark Cycle 20.826ms
[2025-12-16T15:11:18.943+0000][2949][info ][gc,start    ] GC(7) Pause Young (Concurrent Start) (Metadata GC Threshold)
[2025-12-16T15:11:18.943+0000][2949][info ][gc,task     ] GC(7) Using 11 workers of 11 for evacuation
[2025-12-16T15:11:18.943+0000][2949][debug][gc,age      ] GC(7) Desired survivor size 1249902592 bytes, new threshold 15 (max threshold 15)
[2025-12-16T15:11:18.957+0000][2949][info ][gc,phases   ] GC(7)   Pre Evacuate Collection Set: 0.22ms
[2025-12-16T15:11:18.957+0000][2949][info ][gc,phases   ] GC(7)   Merge Heap Roots: 0.06ms
[2025-12-16T15:11:18.957+0000][2949][info ][gc,phases   ] GC(7)   Evacuate Collection Set: 11.48ms
[2025-12-16T15:11:18.957+0000][2949][info ][gc,phases   ] GC(7)   Post Evacuate Collection Set: 1.57ms
[2025-12-16T15:11:18.957+0000][2949][info ][gc,phases   ] GC(7)   Other: 0.07ms
[2025-12-16T15:11:18.957+0000][2949][trace][gc,age      ] GC(7) Age table:
[2025-12-16T15:11:18.957+0000][2949][trace][gc,age      ] GC(7) - age   1:   17891440 bytes,   17891440 total
[2025-12-16T15:11:18.957+0000][2949][trace][gc,age      ] GC(7) - age   2:   27854480 bytes,   45745920 total
[2025-12-16T15:11:18.957+0000][2949][trace][gc,age      ] GC(7) - age   3:    1483800 bytes,   47229720 total
[2025-12-16T15:11:18.957+0000][2949][trace][gc,age      ] GC(7) - age   4:    8121576 bytes,   55351296 total
[2025-12-16T15:11:18.957+0000][2949][trace][gc,age      ] GC(7) - age   5:   11369424 bytes,   66720720 total
[2025-12-16T15:11:18.957+0000][2949][info ][gc,heap     ] GC(7) Eden regions: 42->0(1185)
[2025-12-16T15:11:18.957+0000][2949][info ][gc,heap     ] GC(7) Survivor regions: 4->5(149)
[2025-12-16T15:11:18.957+0000][2949][info ][gc,heap     ] GC(7) Old regions: 0->0
[2025-12-16T15:11:18.957+0000][2949][info ][gc,heap     ] GC(7) Humongous regions: 0->0
[2025-12-16T15:11:18.957+0000][2949][info ][gc,metaspace] GC(7) Metaspace: 99533K(101440K)->99533K(101440K) NonClass: 88360K(89536K)->88360K(89536K) Class: 11172K(11904K)->11172K(11904K)
[2025-12-16T15:11:18.957+0000][2949][info ][gc          ] GC(7) Pause Young (Concurrent Start) (Metadata GC Threshold) 722M->67M(31744M) 13.580ms
[2025-12-16T15:11:18.957+0000][2949][info ][gc,cpu      ] GC(7) User=0.11s Sys=0.02s Real=0.01s
[2025-12-16T15:11:18.957+0000][2949][info ][gc          ] GC(8) Concurrent Mark Cycle
[2025-12-16T15:11:18.957+0000][2949][info ][gc,marking  ] GC(8) Concurrent Scan Root Regions
[2025-12-16T15:11:18.957+0000][2949][info ][safepoint   ] Safepoint "CollectForMetadataAllocation", Time since last: 1902207292 ns, Reaching safepoint: 3125 ns, At safepoint: 13637750 ns, Leaving safepoint: 2750 ns, Total: 13643625 ns, Threads: 0 runnable, 20 total
[2025-12-16T15:11:18.966+0000][2949][info ][gc,marking  ] GC(8) Concurrent Scan Root Regions 9.429ms
[2025-12-16T15:11:18.966+0000][2949][info ][gc,marking  ] GC(8) Concurrent Mark
[2025-12-16T15:11:18.966+0000][2949][info ][gc,marking  ] GC(8) Concurrent Mark From Roots
[2025-12-16T15:11:18.966+0000][2949][info ][gc,task     ] GC(8) Using 3 workers of 3 for marking
[2025-12-16T15:11:18.967+0000][2949][info ][gc,marking  ] GC(8) Concurrent Mark From Roots 0.287ms
[2025-12-16T15:11:18.967+0000][2949][info ][gc,marking  ] GC(8) Concurrent Preclean
[2025-12-16T15:11:18.967+0000][2949][info ][gc,marking  ] GC(8) Concurrent Preclean 0.008ms
[2025-12-16T15:11:18.967+0000][2949][info ][gc,start    ] GC(8) Pause Remark
[2025-12-16T15:11:18.971+0000][2949][info ][gc          ] GC(8) Pause Remark 75M->75M(31744M) 4.496ms
[2025-12-16T15:11:18.971+0000][2949][info ][gc,cpu      ] GC(8) User=0.02s Sys=0.01s Real=0.01s
[2025-12-16T15:11:18.971+0000][2949][info ][safepoint   ] Safepoint "G1PauseRemark", Time since last: 9814375 ns, Reaching safepoint: 192167 ns, At safepoint: 4544916 ns, Leaving safepoint: 3334 ns, Total: 4740417 ns, Threads: 1 runnable, 20 total
[2025-12-16T15:11:18.972+0000][2949][info ][gc,marking  ] GC(8) Concurrent Mark 5.096ms
[2025-12-16T15:11:18.972+0000][2949][info ][gc,marking  ] GC(8) Concurrent Rebuild Remembered Sets and Scrub Regions
[2025-12-16T15:11:18.972+0000][2949][info ][gc,marking  ] GC(8) Concurrent Rebuild Remembered Sets and Scrub Regions 0.045ms
[2025-12-16T15:11:18.972+0000][2949][info ][gc,start    ] GC(8) Pause Cleanup
[2025-12-16T15:11:18.972+0000][2949][info ][gc          ] GC(8) Pause Cleanup 75M->75M(31744M) 0.013ms
[2025-12-16T15:11:18.972+0000][2949][info ][gc,cpu      ] GC(8) User=0.00s Sys=0.00s Real=0.00s
[2025-12-16T15:11:18.972+0000][2949][info ][safepoint   ] Safepoint "G1PauseCleanup", Time since last: 83750 ns, Reaching safepoint: 46666 ns, At safepoint: 29042 ns, Leaving safepoint: 1125 ns, Total: 76833 ns, Threads: 1 runnable, 20 total
[2025-12-16T15:11:18.972+0000][2949][info ][gc,marking  ] GC(8) Concurrent Clear Claimed Marks
[2025-12-16T15:11:18.972+0000][2949][info ][gc,marking  ] GC(8) Concurrent Clear Claimed Marks 0.063ms
[2025-12-16T15:11:18.972+0000][2949][info ][gc,marking  ] GC(8) Concurrent Cleanup for Next Mark
[2025-12-16T15:11:18.980+0000][2949][info ][gc,marking  ] GC(8) Concurrent Cleanup for Next Mark 8.039ms
[2025-12-16T15:11:18.980+0000][2949][info ][gc          ] GC(8) Concurrent Mark Cycle 22.906ms
[2025-12-16T15:11:25.331+0000][2949][info ][gc,exit     ] Heap
[2025-12-16T15:11:25.331+0000][2949][info ][gc,exit     ]  garbage-first heap   total reserved 32505856K, committed 32505856K, used 1150848K [0x0000000301000000, 0x0000000ac1000000)
[2025-12-16T15:11:25.332+0000][2949][info ][gc,exit     ]   region size 16384K, 71 young (1163264K), 5 survivors (81920K)
[2025-12-16T15:11:25.332+0000][2949][info ][gc,exit     ]  Metaspace       used 154483K, committed 158528K, reserved 1245184K
[2025-12-16T15:11:25.332+0000][2949][info ][gc,exit     ]   class space    used 19200K, committed 20992K, reserved 1048576K
