[2025-12-16T15:12:54.760+0000][3040][info][gc,init] CardTable entry size: 512
[2025-12-16T15:12:54.760+0000][3040][info][gc     ] Using G1
[2025-12-16T15:12:55.946+0000][3040][info][gc,init] Version: 25.0.1+8-27 (release)
[2025-12-16T15:12:55.946+0000][3040][info][gc,init] CPUs: 14 total, 14 available
[2025-12-16T15:12:55.946+0000][3040][info][gc,init] Memory: 98304M
[2025-12-16T15:12:55.946+0000][3040][info][gc,init] Large Page Support: Disabled
[2025-12-16T15:12:55.946+0000][3040][info][gc,init] NUMA Support: Disabled
[2025-12-16T15:12:55.946+0000][3040][info][gc,init] Compressed Oops: Enabled (Non-zero based)
[2025-12-16T15:12:55.946+0000][3040][info][gc,init] Heap Region Size: 16M
[2025-12-16T15:12:55.946+0000][3040][info][gc,init] Heap Min Capacity: 31G
[2025-12-16T15:12:55.946+0000][3040][info][gc,init] Heap Initial Capacity: 31G
[2025-12-16T15:12:55.946+0000][3040][info][gc,init] Heap Max Capacity: 31G
[2025-12-16T15:12:55.946+0000][3040][info][gc,init] Pre-touch: Enabled
[2025-12-16T15:12:55.946+0000][3040][info][gc,init] Parallel Workers: 11
[2025-12-16T15:12:55.946+0000][3040][info][gc,init] Concurrent Workers: 3
[2025-12-16T15:12:55.946+0000][3040][info][gc,init] Concurrent Refinement Workers: 11
[2025-12-16T15:12:55.946+0000][3040][info][gc,init] Periodic GC: Disabled
[2025-12-16T15:12:55.946+0000][3040][info][gc,metaspace] CDS archive(s) not mapped
[2025-12-16T15:12:55.946+0000][3040][info][gc,metaspace] Compressed class space mapped at: 0x00000ff000000000-0x00000ff040000000, reserved size: 1073741824
[2025-12-16T15:12:55.946+0000][3040][info][gc,metaspace] UseCompressedClassPointers 1, UseCompactObjectHeaders 0
[2025-12-16T15:12:55.946+0000][3040][info][gc,metaspace] Narrow klass pointer bits 32, Max shift 3
[2025-12-16T15:12:55.946+0000][3040][info][gc,metaspace] Narrow klass base: 0x00000ff000000000, Narrow klass shift: 0
[2025-12-16T15:12:55.946+0000][3040][info][gc,metaspace] Encoding Range: [0x00000ff000000000 - 0x00000ff100000000), (4294967296 bytes)
[2025-12-16T15:12:55.946+0000][3040][info][gc,metaspace] Klass Range:    [0x00000ff000000000 - 0x00000ff040000000), (1073741824 bytes)
[2025-12-16T15:12:55.946+0000][3040][info][gc,metaspace] Klass ID Range:  [8 - 1073741817) (1073741809)
[2025-12-16T15:12:55.946+0000][3040][info][gc,metaspace] Protection zone: [0x00000ff000000000 - 0x00000ff000010000), (65536 bytes)
[2025-12-16T15:12:56.454+0000][3040][info][gc,start    ] GC(0) Pause Young (Concurrent Start) (Metadata GC Threshold)
[2025-12-16T15:12:56.454+0000][3040][info][gc,task     ] GC(0) Using 11 workers of 11 for evacuation
[2025-12-16T15:12:56.454+0000][3040][debug][gc,age      ] GC(0) Desired survivor size 109051904 bytes, new threshold 15 (max threshold 15)
[2025-12-16T15:12:56.458+0000][3040][info ][gc,phases   ] GC(0)   Pre Evacuate Collection Set: 0.21ms
[2025-12-16T15:12:56.458+0000][3040][info ][gc,phases   ] GC(0)   Merge Heap Roots: 0.03ms
[2025-12-16T15:12:56.458+0000][3040][info ][gc,phases   ] GC(0)   Evacuate Collection Set: 2.53ms
[2025-12-16T15:12:56.458+0000][3040][info ][gc,phases   ] GC(0)   Post Evacuate Collection Set: 0.37ms
[2025-12-16T15:12:56.458+0000][3040][info ][gc,phases   ] GC(0)   Other: 0.12ms
[2025-12-16T15:12:56.458+0000][3040][trace][gc,age      ] GC(0) Age table:
[2025-12-16T15:12:56.458+0000][3040][trace][gc,age      ] GC(0) - age   1:   11498008 bytes,   11498008 total
[2025-12-16T15:12:56.458+0000][3040][info ][gc,heap     ] GC(0) Eden regions: 7->0(98)
[2025-12-16T15:12:56.458+0000][3040][info ][gc,heap     ] GC(0) Survivor regions: 0->1(13)
[2025-12-16T15:12:56.458+0000][3040][info ][gc,heap     ] GC(0) Old regions: 0->0
[2025-12-16T15:12:56.458+0000][3040][info ][gc,heap     ] GC(0) Humongous regions: 0->0
[2025-12-16T15:12:56.458+0000][3040][info ][gc,metaspace] GC(0) Metaspace: 21209K(21504K)->21209K(21504K) NonClass: 19418K(19584K)->19418K(19584K) Class: 1790K(1920K)->1790K(1920K)
[2025-12-16T15:12:56.458+0000][3040][info ][gc          ] GC(0) Pause Young (Concurrent Start) (Metadata GC Threshold) 112M->11M(31744M) 3.503ms
[2025-12-16T15:12:56.458+0000][3040][info ][gc,cpu      ] GC(0) User=0.03s Sys=0.00s Real=0.00s
[2025-12-16T15:12:56.458+0000][3040][info ][gc          ] GC(1) Concurrent Mark Cycle
[2025-12-16T15:12:56.458+0000][3040][info ][gc,marking  ] GC(1) Concurrent Scan Root Regions
[2025-12-16T15:12:56.458+0000][3040][info ][safepoint   ] Safepoint "CollectForMetadataAllocation", Time since last: 499137750 ns, Reaching safepoint: 4375 ns, At safepoint: 3570583 ns, Leaving safepoint: 9208 ns, Total: 3584166 ns, Threads: 0 runnable, 12 total
[2025-12-16T15:12:56.461+0000][3040][info ][gc,marking  ] GC(1) Concurrent Scan Root Regions 3.676ms
[2025-12-16T15:12:56.461+0000][3040][info ][gc,marking  ] GC(1) Concurrent Mark
[2025-12-16T15:12:56.461+0000][3040][info ][gc,marking  ] GC(1) Concurrent Mark From Roots
[2025-12-16T15:12:56.462+0000][3040][info ][gc,task     ] GC(1) Using 3 workers of 3 for marking
[2025-12-16T15:12:56.462+0000][3040][info ][gc,marking  ] GC(1) Concurrent Mark From Roots 0.565ms
[2025-12-16T15:12:56.462+0000][3040][info ][gc,marking  ] GC(1) Concurrent Preclean
[2025-12-16T15:12:56.462+0000][3040][info ][gc,marking  ] GC(1) Concurrent Preclean 0.011ms
[2025-12-16T15:12:56.462+0000][3040][info ][gc,start    ] GC(1) Pause Remark
[2025-12-16T15:12:56.463+0000][3040][info ][gc          ] GC(1) Pause Remark 27M->27M(31744M) 0.808ms
[2025-12-16T15:12:56.463+0000][3040][info ][gc,cpu      ] GC(1) User=0.00s Sys=0.00s Real=0.00s
[2025-12-16T15:12:56.463+0000][3040][info ][safepoint   ] Safepoint "G1PauseRemark", Time since last: 4327084 ns, Reaching safepoint: 25625 ns, At safepoint: 865000 ns, Leaving safepoint: 6041 ns, Total: 896666 ns, Threads: 2 runnable, 12 total
[2025-12-16T15:12:56.463+0000][3040][info ][gc,marking  ] GC(1) Concurrent Mark 1.541ms
[2025-12-16T15:12:56.463+0000][3040][info ][gc,marking  ] GC(1) Concurrent Rebuild Remembered Sets and Scrub Regions
[2025-12-16T15:12:56.463+0000][3040][info ][gc,marking  ] GC(1) Concurrent Rebuild Remembered Sets and Scrub Regions 0.048ms
[2025-12-16T15:12:56.463+0000][3040][info ][gc,start    ] GC(1) Pause Cleanup
[2025-12-16T15:12:56.463+0000][3040][info ][gc          ] GC(1) Pause Cleanup 27M->27M(31744M) 0.017ms
[2025-12-16T15:12:56.463+0000][3040][info ][gc,cpu      ] GC(1) User=0.00s Sys=0.00s Real=0.00s
[2025-12-16T15:12:56.463+0000][3040][info ][safepoint   ] Safepoint "G1PauseCleanup", Time since last: 95500 ns, Reaching safepoint: 1167 ns, At safepoint: 39792 ns, Leaving safepoint: 2000 ns, Total: 42959 ns, Threads: 0 runnable, 12 total
[2025-12-16T15:12:56.463+0000][3040][info ][gc,marking  ] GC(1) Concurrent Clear Claimed Marks
[2025-12-16T15:12:56.463+0000][3040][info ][gc,marking  ] GC(1) Concurrent Clear Claimed Marks 0.007ms
[2025-12-16T15:12:56.463+0000][3040][info ][gc,marking  ] GC(1) Concurrent Cleanup for Next Mark
[2025-12-16T15:12:56.473+0000][3040][info ][gc,marking  ] GC(1) Concurrent Cleanup for Next Mark 10.049ms
[2025-12-16T15:12:56.473+0000][3040][info ][gc          ] GC(1) Concurrent Mark Cycle 15.512ms
[2025-12-16T15:12:57.697+0000][3040][info ][gc,start    ] GC(2) Pause Young (Normal) (G1 Evacuation Pause)
[2025-12-16T15:12:57.697+0000][3040][info ][gc,task     ] GC(2) Using 11 workers of 11 for evacuation
[2025-12-16T15:12:57.697+0000][3040][debug][gc,age      ] GC(2) Desired survivor size 109051904 bytes, new threshold 15 (max threshold 15)
[2025-12-16T15:12:57.704+0000][3040][info ][gc,phases   ] GC(2)   Pre Evacuate Collection Set: 0.32ms
[2025-12-16T15:12:57.704+0000][3040][info ][gc,phases   ] GC(2)   Merge Heap Roots: 0.11ms
[2025-12-16T15:12:57.704+0000][3040][info ][gc,phases   ] GC(2)   Evacuate Collection Set: 4.94ms
[2025-12-16T15:12:57.704+0000][3040][info ][gc,phases   ] GC(2)   Post Evacuate Collection Set: 0.93ms
[2025-12-16T15:12:57.704+0000][3040][info ][gc,phases   ] GC(2)   Other: 0.10ms
[2025-12-16T15:12:57.704+0000][3040][trace][gc,age      ] GC(2) Age table:
[2025-12-16T15:12:57.704+0000][3040][trace][gc,age      ] GC(2) - age   1:    9127336 bytes,    9127336 total
[2025-12-16T15:12:57.704+0000][3040][trace][gc,age      ] GC(2) - age   2:   11442744 bytes,   20570080 total
[2025-12-16T15:12:57.704+0000][3040][info ][gc,heap     ] GC(2) Eden regions: 98->0(455)
[2025-12-16T15:12:57.704+0000][3040][info ][gc,heap     ] GC(2) Survivor regions: 1->2(13)
[2025-12-16T15:12:57.704+0000][3040][info ][gc,heap     ] GC(2) Old regions: 0->0
[2025-12-16T15:12:57.704+0000][3040][info ][gc,heap     ] GC(2) Humongous regions: 0->0
[2025-12-16T15:12:57.704+0000][3040][info ][gc,metaspace] GC(2) Metaspace: 32661K(33280K)->32661K(33280K) NonClass: 29893K(30272K)->29893K(30272K) Class: 2767K(3008K)->2767K(3008K)
[2025-12-16T15:12:57.704+0000][3040][info ][gc          ] GC(2) Pause Young (Normal) (G1 Evacuation Pause) 1579M->20M(31744M) 6.632ms
[2025-12-16T15:12:57.704+0000][3040][info ][gc,cpu      ] GC(2) User=0.04s Sys=0.02s Real=0.01s
[2025-12-16T15:12:57.704+0000][3040][info ][safepoint   ] Safepoint "G1CollectForAllocation", Time since last: 1233940208 ns, Reaching safepoint: 2333 ns, At safepoint: 6666167 ns, Leaving safepoint: 34083 ns, Total: 6702583 ns, Threads: 0 runnable, 15 total
[2025-12-16T15:12:58.051+0000][3040][info ][safepoint   ] Safepoint "SetNotifyJvmtiEventsMode", Time since last: 346865750 ns, Reaching safepoint: 6417 ns, At safepoint: 5833 ns, Leaving safepoint: 375 ns, Total: 12625 ns, Threads: 0 runnable, 16 total
[2025-12-16T15:12:58.172+0000][3040][info ][gc,start    ] GC(3) Pause Young (Concurrent Start) (Metadata GC Threshold)
[2025-12-16T15:12:58.172+0000][3040][info ][gc,task     ] GC(3) Using 11 workers of 11 for evacuation
[2025-12-16T15:12:58.172+0000][3040][debug][gc,age      ] GC(3) Desired survivor size 486539264 bytes, new threshold 15 (max threshold 15)
[2025-12-16T15:12:58.178+0000][3040][info ][gc,phases   ] GC(3)   Pre Evacuate Collection Set: 0.16ms
[2025-12-16T15:12:58.178+0000][3040][info ][gc,phases   ] GC(3)   Merge Heap Roots: 0.04ms
[2025-12-16T15:12:58.178+0000][3040][info ][gc,phases   ] GC(3)   Evacuate Collection Set: 5.08ms
[2025-12-16T15:12:58.178+0000][3040][info ][gc,phases   ] GC(3)   Post Evacuate Collection Set: 0.83ms
[2025-12-16T15:12:58.178+0000][3040][info ][gc,phases   ] GC(3)   Other: 0.12ms
[2025-12-16T15:12:58.178+0000][3040][trace][gc,age      ] GC(3) Age table:
[2025-12-16T15:12:58.178+0000][3040][trace][gc,age      ] GC(3) - age   1:    1753664 bytes,    1753664 total
[2025-12-16T15:12:58.178+0000][3040][trace][gc,age      ] GC(3) - age   2:    8193776 bytes,    9947440 total
[2025-12-16T15:12:58.178+0000][3040][trace][gc,age      ] GC(3) - age   3:   11425416 bytes,   21372856 total
[2025-12-16T15:12:58.178+0000][3040][info ][gc,heap     ] GC(3) Eden regions: 29->0(769)
[2025-12-16T15:12:58.178+0000][3040][info ][gc,heap     ] GC(3) Survivor regions: 2->2(58)
[2025-12-16T15:12:58.178+0000][3040][info ][gc,heap     ] GC(3) Old regions: 0->0
[2025-12-16T15:12:58.178+0000][3040][info ][gc,heap     ] GC(3) Humongous regions: 0->0
[2025-12-16T15:12:58.178+0000][3040][info ][gc,metaspace] GC(3) Metaspace: 35437K(36096K)->35437K(36096K) NonClass: 32460K(32832K)->32460K(32832K) Class: 2976K(3264K)->2976K(3264K)
[2025-12-16T15:12:58.178+0000][3040][info ][gc          ] GC(3) Pause Young (Concurrent Start) (Metadata GC Threshold) 484M->22M(31744M) 6.424ms
[2025-12-16T15:12:58.178+0000][3040][info ][gc,cpu      ] GC(3) User=0.05s Sys=0.01s Real=0.00s
[2025-12-16T15:12:58.178+0000][3040][info ][gc          ] GC(4) Concurrent Mark Cycle
[2025-12-16T15:12:58.179+0000][3040][info ][gc,marking  ] GC(4) Concurrent Scan Root Regions
[2025-12-16T15:12:58.179+0000][3040][info ][safepoint   ] Safepoint "CollectForMetadataAllocation", Time since last: 121343500 ns, Reaching safepoint: 20209 ns, At safepoint: 6498166 ns, Leaving safepoint: 14959 ns, Total: 6533334 ns, Threads: 2 runnable, 16 total
[2025-12-16T15:12:58.184+0000][3040][info ][gc,marking  ] GC(4) Concurrent Scan Root Regions 5.812ms
[2025-12-16T15:12:58.184+0000][3040][info ][gc,marking  ] GC(4) Concurrent Mark
[2025-12-16T15:12:58.184+0000][3040][info ][gc,marking  ] GC(4) Concurrent Mark From Roots
[2025-12-16T15:12:58.184+0000][3040][info ][gc,task     ] GC(4) Using 3 workers of 3 for marking
[2025-12-16T15:12:58.185+0000][3040][info ][gc,marking  ] GC(4) Concurrent Mark From Roots 0.346ms
[2025-12-16T15:12:58.185+0000][3040][info ][gc,marking  ] GC(4) Concurrent Preclean
[2025-12-16T15:12:58.185+0000][3040][info ][gc,marking  ] GC(4) Concurrent Preclean 0.008ms
[2025-12-16T15:12:58.185+0000][3040][info ][gc,start    ] GC(4) Pause Remark
[2025-12-16T15:12:58.187+0000][3040][info ][gc          ] GC(4) Pause Remark 38M->38M(31744M) 2.027ms
[2025-12-16T15:12:58.187+0000][3040][info ][gc,cpu      ] GC(4) User=0.01s Sys=0.00s Real=0.00s
[2025-12-16T15:12:58.187+0000][3040][info ][safepoint   ] Safepoint "G1PauseRemark", Time since last: 6233625 ns, Reaching safepoint: 26958 ns, At safepoint: 2082875 ns, Leaving safepoint: 4833 ns, Total: 2114666 ns, Threads: 1 runnable, 16 total
[2025-12-16T15:12:58.187+0000][3040][info ][gc,marking  ] GC(4) Concurrent Mark 2.554ms
[2025-12-16T15:12:58.187+0000][3040][info ][gc,marking  ] GC(4) Concurrent Rebuild Remembered Sets and Scrub Regions
[2025-12-16T15:12:58.187+0000][3040][info ][gc,marking  ] GC(4) Concurrent Rebuild Remembered Sets and Scrub Regions 0.043ms
[2025-12-16T15:12:58.187+0000][3040][info ][gc,start    ] GC(4) Pause Cleanup
[2025-12-16T15:12:58.187+0000][3040][info ][gc          ] GC(4) Pause Cleanup 38M->38M(31744M) 0.011ms
[2025-12-16T15:12:58.187+0000][3040][info ][gc,cpu      ] GC(4) User=0.00s Sys=0.00s Real=0.00s
[2025-12-16T15:12:58.187+0000][3040][info ][safepoint   ] Safepoint "G1PauseCleanup", Time since last: 95667 ns, Reaching safepoint: 19042 ns, At safepoint: 30916 ns, Leaving safepoint: 3167 ns, Total: 53125 ns, Threads: 1 runnable, 16 total
[2025-12-16T15:12:58.187+0000][3040][info ][gc,marking  ] GC(4) Concurrent Clear Claimed Marks
[2025-12-16T15:12:58.187+0000][3040][info ][gc,marking  ] GC(4) Concurrent Clear Claimed Marks 0.018ms
[2025-12-16T15:12:58.187+0000][3040][info ][gc,marking  ] GC(4) Concurrent Cleanup for Next Mark
[2025-12-16T15:12:58.215+0000][3040][info ][safepoint   ] Safepoint "RedefineClasses", Time since last: 14418875 ns, Reaching safepoint: 18958 ns, At safepoint: 13516667 ns, Leaving safepoint: 21583 ns, Total: 13557208 ns, Threads: 0 runnable, 16 total
[2025-12-16T15:12:58.220+0000][3040][info ][gc,marking  ] GC(4) Concurrent Cleanup for Next Mark 32.617ms
[2025-12-16T15:12:58.220+0000][3040][info ][gc          ] GC(4) Concurrent Mark Cycle 41.253ms
[2025-12-16T15:12:59.574+0000][3040][info ][gc,start    ] GC(5) Pause Young (Concurrent Start) (Metadata GC Threshold)
[2025-12-16T15:12:59.574+0000][3040][info ][gc,task     ] GC(5) Using 11 workers of 11 for evacuation
[2025-12-16T15:12:59.574+0000][3040][debug][gc,age      ] GC(5) Desired survivor size 813694976 bytes, new threshold 15 (max threshold 15)
[2025-12-16T15:12:59.585+0000][3040][info ][gc,phases   ] GC(5)   Pre Evacuate Collection Set: 0.21ms
[2025-12-16T15:12:59.585+0000][3040][info ][gc,phases   ] GC(5)   Merge Heap Roots: 0.05ms
[2025-12-16T15:12:59.585+0000][3040][info ][gc,phases   ] GC(5)   Evacuate Collection Set: 9.47ms
[2025-12-16T15:12:59.585+0000][3040][info ][gc,phases   ] GC(5)   Post Evacuate Collection Set: 1.37ms
[2025-12-16T15:12:59.585+0000][3040][info ][gc,phases   ] GC(5)   Other: 0.10ms
[2025-12-16T15:12:59.585+0000][3040][trace][gc,age      ] GC(5) Age table:
[2025-12-16T15:12:59.585+0000][3040][trace][gc,age      ] GC(5) - age   1:   28386664 bytes,   28386664 total
[2025-12-16T15:12:59.585+0000][3040][trace][gc,age      ] GC(5) - age   2:    1491720 bytes,   29878384 total
[2025-12-16T15:12:59.585+0000][3040][trace][gc,age      ] GC(5) - age   3:    8145160 bytes,   38023544 total
[2025-12-16T15:12:59.585+0000][3040][trace][gc,age      ] GC(5) - age   4:   11400640 bytes,   49424184 total
[2025-12-16T15:12:59.585+0000][3040][info ][gc,heap     ] GC(5) Eden regions: 34->0(1186)
[2025-12-16T15:12:59.585+0000][3040][info ][gc,heap     ] GC(5) Survivor regions: 2->4(97)
[2025-12-16T15:12:59.585+0000][3040][info ][gc,heap     ] GC(5) Old regions: 0->0
[2025-12-16T15:12:59.585+0000][3040][info ][gc,heap     ] GC(5) Humongous regions: 0->0
[2025-12-16T15:12:59.586+0000][3040][info ][gc,metaspace] GC(5) Metaspace: 59101K(60416K)->59101K(60416K) NonClass: 53496K(54336K)->53496K(54336K) Class: 5605K(6080K)->5605K(6080K)
[2025-12-16T15:12:59.586+0000][3040][info ][gc          ] GC(5) Pause Young (Concurrent Start) (Metadata GC Threshold) 566M->50M(31744M) 11.464ms
[2025-12-16T15:12:59.586+0000][3040][info ][gc,cpu      ] GC(5) User=0.08s Sys=0.02s Real=0.01s
[2025-12-16T15:12:59.586+0000][3040][info ][gc          ] GC(6) Concurrent Mark Cycle
[2025-12-16T15:12:59.586+0000][3040][info ][gc,marking  ] GC(6) Concurrent Scan Root Regions
[2025-12-16T15:12:59.586+0000][3040][info ][safepoint   ] Safepoint "CollectForMetadataAllocation", Time since last: 1359052875 ns, Reaching safepoint: 3750 ns, At safepoint: 11546125 ns, Leaving safepoint: 8542 ns, Total: 11558417 ns, Threads: 0 runnable, 17 total
[2025-12-16T15:12:59.590+0000][3040][info ][gc,marking  ] GC(6) Concurrent Scan Root Regions 4.518ms
[2025-12-16T15:12:59.590+0000][3040][info ][gc,marking  ] GC(6) Concurrent Mark
[2025-12-16T15:12:59.590+0000][3040][info ][gc,marking  ] GC(6) Concurrent Mark From Roots
[2025-12-16T15:12:59.590+0000][3040][info ][gc,task     ] GC(6) Using 3 workers of 3 for marking
[2025-12-16T15:12:59.590+0000][3040][info ][gc,marking  ] GC(6) Concurrent Mark From Roots 0.298ms
[2025-12-16T15:12:59.591+0000][3040][info ][gc,marking  ] GC(6) Concurrent Preclean
[2025-12-16T15:12:59.591+0000][3040][info ][gc,marking  ] GC(6) Concurrent Preclean 0.012ms
[2025-12-16T15:12:59.591+0000][3040][info ][gc,start    ] GC(6) Pause Remark
[2025-12-16T15:12:59.596+0000][3040][info ][gc          ] GC(6) Pause Remark 58M->58M(31744M) 5.037ms
[2025-12-16T15:12:59.596+0000][3040][info ][gc,cpu      ] GC(6) User=0.01s Sys=0.01s Real=0.00s
[2025-12-16T15:12:59.596+0000][3040][info ][safepoint   ] Safepoint "G1PauseRemark", Time since last: 4930500 ns, Reaching safepoint: 57625 ns, At safepoint: 5105375 ns, Leaving safepoint: 7375 ns, Total: 5170375 ns, Threads: 1 runnable, 17 total
[2025-12-16T15:12:59.596+0000][3040][info ][gc,marking  ] GC(6) Concurrent Mark 5.573ms
[2025-12-16T15:12:59.596+0000][3040][info ][gc,marking  ] GC(6) Concurrent Rebuild Remembered Sets and Scrub Regions
[2025-12-16T15:12:59.596+0000][3040][info ][gc,marking  ] GC(6) Concurrent Rebuild Remembered Sets and Scrub Regions 0.055ms
[2025-12-16T15:12:59.596+0000][3040][info ][gc,start    ] GC(6) Pause Cleanup
[2025-12-16T15:12:59.596+0000][3040][info ][gc          ] GC(6) Pause Cleanup 58M->58M(31744M) 0.029ms
[2025-12-16T15:12:59.596+0000][3040][info ][gc,cpu      ] GC(6) User=0.00s Sys=0.00s Real=0.00s
[2025-12-16T15:12:59.596+0000][3040][info ][safepoint   ] Safepoint "G1PauseCleanup", Time since last: 133375 ns, Reaching safepoint: 33833 ns, At safepoint: 67292 ns, Leaving safepoint: 2000 ns, Total: 103125 ns, Threads: 1 runnable, 17 total
[2025-12-16T15:12:59.596+0000][3040][info ][gc,marking  ] GC(6) Concurrent Clear Claimed Marks
[2025-12-16T15:12:59.596+0000][3040][info ][gc,marking  ] GC(6) Concurrent Clear Claimed Marks 0.016ms
[2025-12-16T15:12:59.596+0000][3040][info ][gc,marking  ] GC(6) Concurrent Cleanup for Next Mark
[2025-12-16T15:12:59.607+0000][3040][info ][gc,marking  ] GC(6) Concurrent Cleanup for Next Mark 11.435ms
[2025-12-16T15:12:59.607+0000][3040][info ][gc          ] GC(6) Concurrent Mark Cycle 21.887ms
[2025-12-16T15:13:01.508+0000][3040][info ][gc,start    ] GC(7) Pause Young (Concurrent Start) (Metadata GC Threshold)
[2025-12-16T15:13:01.508+0000][3040][info ][gc,task     ] GC(7) Using 11 workers of 11 for evacuation
[2025-12-16T15:13:01.508+0000][3040][debug][gc,age      ] GC(7) Desired survivor size 1249902592 bytes, new threshold 15 (max threshold 15)
[2025-12-16T15:13:01.523+0000][3040][info ][gc,phases   ] GC(7)   Pre Evacuate Collection Set: 0.22ms
[2025-12-16T15:13:01.523+0000][3040][info ][gc,phases   ] GC(7)   Merge Heap Roots: 0.08ms
[2025-12-16T15:13:01.523+0000][3040][info ][gc,phases   ] GC(7)   Evacuate Collection Set: 12.12ms
[2025-12-16T15:13:01.523+0000][3040][info ][gc,phases   ] GC(7)   Post Evacuate Collection Set: 2.08ms
[2025-12-16T15:13:01.523+0000][3040][info ][gc,phases   ] GC(7)   Other: 0.09ms
[2025-12-16T15:13:01.523+0000][3040][trace][gc,age      ] GC(7) Age table:
[2025-12-16T15:13:01.523+0000][3040][trace][gc,age      ] GC(7) - age   1:   17917864 bytes,   17917864 total
[2025-12-16T15:13:01.523+0000][3040][trace][gc,age      ] GC(7) - age   2:   27837912 bytes,   45755776 total
[2025-12-16T15:13:01.523+0000][3040][trace][gc,age      ] GC(7) - age   3:    1484784 bytes,   47240560 total
[2025-12-16T15:13:01.523+0000][3040][trace][gc,age      ] GC(7) - age   4:    8122672 bytes,   55363232 total
[2025-12-16T15:13:01.523+0000][3040][trace][gc,age      ] GC(7) - age   5:   11375336 bytes,   66738568 total
[2025-12-16T15:13:01.523+0000][3040][info ][gc,heap     ] GC(7) Eden regions: 42->0(1185)
[2025-12-16T15:13:01.523+0000][3040][info ][gc,heap     ] GC(7) Survivor regions: 4->5(149)
[2025-12-16T15:13:01.523+0000][3040][info ][gc,heap     ] GC(7) Old regions: 0->0
[2025-12-16T15:13:01.523+0000][3040][info ][gc,heap     ] GC(7) Humongous regions: 0->0
[2025-12-16T15:13:01.523+0000][3040][info ][gc,metaspace] GC(7) Metaspace: 99150K(101120K)->99150K(101120K) NonClass: 88020K(89216K)->88020K(89216K) Class: 11130K(11904K)->11130K(11904K)
[2025-12-16T15:13:01.523+0000][3040][info ][gc          ] GC(7) Pause Young (Concurrent Start) (Metadata GC Threshold) 722M->70M(31744M) 14.805ms
[2025-12-16T15:13:01.523+0000][3040][info ][gc,cpu      ] GC(7) User=0.11s Sys=0.03s Real=0.02s
[2025-12-16T15:13:01.523+0000][3040][info ][gc          ] GC(8) Concurrent Mark Cycle
[2025-12-16T15:13:01.523+0000][3040][info ][gc,marking  ] GC(8) Concurrent Scan Root Regions
[2025-12-16T15:13:01.523+0000][3040][info ][safepoint   ] Safepoint "CollectForMetadataAllocation", Time since last: 1912101667 ns, Reaching safepoint: 5125 ns, At safepoint: 14876666 ns, Leaving safepoint: 5042 ns, Total: 14886833 ns, Threads: 0 runnable, 20 total
[2025-12-16T15:13:01.528+0000][3040][info ][safepoint   ] Safepoint "CollectForMetadataAllocation", Time since last: 5119625 ns, Reaching safepoint: 28625 ns, At safepoint: 20667 ns, Leaving safepoint: 1291 ns, Total: 50583 ns, Threads: 1 runnable, 20 total
[2025-12-16T15:13:01.533+0000][3040][info ][gc,marking  ] GC(8) Concurrent Scan Root Regions 9.785ms
[2025-12-16T15:13:01.533+0000][3040][info ][gc,marking  ] GC(8) Concurrent Mark
[2025-12-16T15:13:01.533+0000][3040][info ][gc,marking  ] GC(8) Concurrent Mark From Roots
[2025-12-16T15:13:01.533+0000][3040][info ][gc,task     ] GC(8) Using 3 workers of 3 for marking
[2025-12-16T15:13:01.533+0000][3040][info ][gc,marking  ] GC(8) Concurrent Mark From Roots 0.396ms
[2025-12-16T15:13:01.533+0000][3040][info ][gc,marking  ] GC(8) Concurrent Preclean
[2025-12-16T15:13:01.533+0000][3040][info ][gc,marking  ] GC(8) Concurrent Preclean 0.006ms
[2025-12-16T15:13:01.533+0000][3040][info ][gc,start    ] GC(8) Pause Remark
[2025-12-16T15:13:01.538+0000][3040][info ][gc          ] GC(8) Pause Remark 78M->78M(31744M) 5.063ms
[2025-12-16T15:13:01.538+0000][3040][info ][gc,cpu      ] GC(8) User=0.02s Sys=0.01s Real=0.00s
[2025-12-16T15:13:01.538+0000][3040][info ][safepoint   ] Safepoint "G1PauseRemark", Time since last: 5101250 ns, Reaching safepoint: 20334 ns, At safepoint: 5140041 ns, Leaving safepoint: 23167 ns, Total: 5183542 ns, Threads: 1 runnable, 20 total
[2025-12-16T15:13:01.538+0000][3040][info ][gc,marking  ] GC(8) Concurrent Mark 5.655ms
[2025-12-16T15:13:01.538+0000][3040][info ][gc,marking  ] GC(8) Concurrent Rebuild Remembered Sets and Scrub Regions
[2025-12-16T15:13:01.539+0000][3040][info ][gc,marking  ] GC(8) Concurrent Rebuild Remembered Sets and Scrub Regions 0.101ms
[2025-12-16T15:13:01.539+0000][3040][info ][gc,start    ] GC(8) Pause Cleanup
[2025-12-16T15:13:01.539+0000][3040][info ][gc          ] GC(8) Pause Cleanup 78M->78M(31744M) 0.036ms
[2025-12-16T15:13:01.539+0000][3040][info ][gc,cpu      ] GC(8) User=0.00s Sys=0.00s Real=0.00s
[2025-12-16T15:13:01.539+0000][3040][info ][safepoint   ] Safepoint "G1PauseCleanup", Time since last: 165917 ns, Reaching safepoint: 38041 ns, At safepoint: 69125 ns, Leaving safepoint: 7375 ns, Total: 114541 ns, Threads: 1 runnable, 20 total
[2025-12-16T15:13:01.539+0000][3040][info ][gc,marking  ] GC(8) Concurrent Clear Claimed Marks
[2025-12-16T15:13:01.539+0000][3040][info ][gc,marking  ] GC(8) Concurrent Clear Claimed Marks 0.041ms
[2025-12-16T15:13:01.539+0000][3040][info ][gc,marking  ] GC(8) Concurrent Cleanup for Next Mark
[2025-12-16T15:13:01.548+0000][3040][info ][gc,marking  ] GC(8) Concurrent Cleanup for Next Mark 9.215ms
[2025-12-16T15:13:01.548+0000][3040][info ][gc          ] GC(8) Concurrent Mark Cycle 25.183ms
[2025-12-16T15:13:10.789+0000][3040][info ][gc,exit     ] Heap
[2025-12-16T15:13:10.789+0000][3040][info ][gc,exit     ]  garbage-first heap   total reserved 32505856K, committed 32505856K, used 1169987K [0x0000000301000000, 0x0000000ac1000000)
[2025-12-16T15:13:10.789+0000][3040][info ][gc,exit     ]   region size 16384K, 72 young (1179648K), 5 survivors (81920K)
[2025-12-16T15:13:10.790+0000][3040][info ][gc,exit     ]  Metaspace       used 154380K, committed 158400K, reserved 1245184K
[2025-12-16T15:13:10.790+0000][3040][info ][gc,exit     ]   class space    used 19177K, committed 20928K, reserved 1048576K
