[2025-12-16T15:11:30.664+0000][2977][info][gc,init] CardTable entry size: 512
[2025-12-16T15:11:30.664+0000][2977][info][gc     ] Using G1
[2025-12-16T15:11:32.071+0000][2977][info][gc,init] Version: 25.0.1+8-27 (release)
[2025-12-16T15:11:32.072+0000][2977][info][gc,init] CPUs: 14 total, 14 available
[2025-12-16T15:11:32.072+0000][2977][info][gc,init] Memory: 98304M
[2025-12-16T15:11:32.072+0000][2977][info][gc,init] Large Page Support: Disabled
[2025-12-16T15:11:32.072+0000][2977][info][gc,init] NUMA Support: Disabled
[2025-12-16T15:11:32.072+0000][2977][info][gc,init] Compressed Oops: Enabled (Non-zero based)
[2025-12-16T15:11:32.072+0000][2977][info][gc,init] Heap Region Size: 16M
[2025-12-16T15:11:32.072+0000][2977][info][gc,init] Heap Min Capacity: 31G
[2025-12-16T15:11:32.072+0000][2977][info][gc,init] Heap Initial Capacity: 31G
[2025-12-16T15:11:32.072+0000][2977][info][gc,init] Heap Max Capacity: 31G
[2025-12-16T15:11:32.072+0000][2977][info][gc,init] Pre-touch: Enabled
[2025-12-16T15:11:32.072+0000][2977][info][gc,init] Parallel Workers: 11
[2025-12-16T15:11:32.072+0000][2977][info][gc,init] Concurrent Workers: 3
[2025-12-16T15:11:32.072+0000][2977][info][gc,init] Concurrent Refinement Workers: 11
[2025-12-16T15:11:32.072+0000][2977][info][gc,init] Periodic GC: Disabled
[2025-12-16T15:11:32.072+0000][2977][info][gc,metaspace] CDS archive(s) not mapped
[2025-12-16T15:11:32.072+0000][2977][info][gc,metaspace] Compressed class space mapped at: 0x0000007000000000-0x0000007040000000, reserved size: 1073741824
[2025-12-16T15:11:32.072+0000][2977][info][gc,metaspace] UseCompressedClassPointers 1, UseCompactObjectHeaders 0
[2025-12-16T15:11:32.072+0000][2977][info][gc,metaspace] Narrow klass pointer bits 32, Max shift 3
[2025-12-16T15:11:32.072+0000][2977][info][gc,metaspace] Narrow klass base: 0x0000007000000000, Narrow klass shift: 0
[2025-12-16T15:11:32.072+0000][2977][info][gc,metaspace] Encoding Range: [0x0000007000000000 - 0x0000007100000000), (4294967296 bytes)
[2025-12-16T15:11:32.072+0000][2977][info][gc,metaspace] Klass Range:    [0x0000007000000000 - 0x0000007040000000), (1073741824 bytes)
[2025-12-16T15:11:32.072+0000][2977][info][gc,metaspace] Klass ID Range:  [8 - 1073741817) (1073741809)
[2025-12-16T15:11:32.072+0000][2977][info][gc,metaspace] Protection zone: [0x0000007000000000 - 0x0000007000010000), (65536 bytes)
[2025-12-16T15:11:32.581+0000][2977][info][gc,start    ] GC(0) Pause Young (Concurrent Start) (Metadata GC Threshold)
[2025-12-16T15:11:32.581+0000][2977][info][gc,task     ] GC(0) Using 11 workers of 11 for evacuation
[2025-12-16T15:11:32.581+0000][2977][debug][gc,age      ] GC(0) Desired survivor size 109051904 bytes, new threshold 15 (max threshold 15)
[2025-12-16T15:11:32.585+0000][2977][info ][gc,phases   ] GC(0)   Pre Evacuate Collection Set: 0.20ms
[2025-12-16T15:11:32.585+0000][2977][info ][gc,phases   ] GC(0)   Merge Heap Roots: 0.04ms
[2025-12-16T15:11:32.585+0000][2977][info ][gc,phases   ] GC(0)   Evacuate Collection Set: 2.79ms
[2025-12-16T15:11:32.585+0000][2977][info ][gc,phases   ] GC(0)   Post Evacuate Collection Set: 0.41ms
[2025-12-16T15:11:32.585+0000][2977][info ][gc,phases   ] GC(0)   Other: 0.12ms
[2025-12-16T15:11:32.585+0000][2977][trace][gc,age      ] GC(0) Age table:
[2025-12-16T15:11:32.585+0000][2977][trace][gc,age      ] GC(0) - age   1:   11497248 bytes,   11497248 total
[2025-12-16T15:11:32.585+0000][2977][info ][gc,heap     ] GC(0) Eden regions: 7->0(98)
[2025-12-16T15:11:32.585+0000][2977][info ][gc,heap     ] GC(0) Survivor regions: 0->1(13)
[2025-12-16T15:11:32.585+0000][2977][info ][gc,heap     ] GC(0) Old regions: 0->0
[2025-12-16T15:11:32.585+0000][2977][info ][gc,heap     ] GC(0) Humongous regions: 0->0
[2025-12-16T15:11:32.585+0000][2977][info ][gc,metaspace] GC(0) Metaspace: 21209K(21504K)->21209K(21504K) NonClass: 19412K(19584K)->19412K(19584K) Class: 1797K(1920K)->1797K(1920K)
[2025-12-16T15:11:32.585+0000][2977][info ][gc          ] GC(0) Pause Young (Concurrent Start) (Metadata GC Threshold) 112M->11M(31744M) 3.816ms
[2025-12-16T15:11:32.585+0000][2977][info ][gc,cpu      ] GC(0) User=0.04s Sys=0.00s Real=0.00s
[2025-12-16T15:11:32.585+0000][2977][info ][gc          ] GC(1) Concurrent Mark Cycle
[2025-12-16T15:11:32.585+0000][2977][info ][safepoint   ] Safepoint "CollectForMetadataAllocation", Time since last: 500559333 ns, Reaching safepoint: 1459 ns, At safepoint: 3881333 ns, Leaving safepoint: 6167 ns, Total: 3888959 ns, Threads: 0 runnable, 12 total
[2025-12-16T15:11:32.585+0000][2977][info ][gc,marking  ] GC(1) Concurrent Scan Root Regions
[2025-12-16T15:11:32.589+0000][2977][info ][gc,marking  ] GC(1) Concurrent Scan Root Regions 3.702ms
[2025-12-16T15:11:32.589+0000][2977][info ][gc,marking  ] GC(1) Concurrent Mark
[2025-12-16T15:11:32.589+0000][2977][info ][gc,marking  ] GC(1) Concurrent Mark From Roots
[2025-12-16T15:11:32.589+0000][2977][info ][gc,task     ] GC(1) Using 3 workers of 3 for marking
[2025-12-16T15:11:32.589+0000][2977][info ][gc,marking  ] GC(1) Concurrent Mark From Roots 0.410ms
[2025-12-16T15:11:32.589+0000][2977][info ][gc,marking  ] GC(1) Concurrent Preclean
[2025-12-16T15:11:32.589+0000][2977][info ][gc,marking  ] GC(1) Concurrent Preclean 0.010ms
[2025-12-16T15:11:32.589+0000][2977][info ][gc,start    ] GC(1) Pause Remark
[2025-12-16T15:11:32.590+0000][2977][info ][gc          ] GC(1) Pause Remark 27M->27M(31744M) 0.845ms
[2025-12-16T15:11:32.590+0000][2977][info ][gc,cpu      ] GC(1) User=0.01s Sys=0.00s Real=0.01s
[2025-12-16T15:11:32.590+0000][2977][info ][safepoint   ] Safepoint "G1PauseRemark", Time since last: 4198208 ns, Reaching safepoint: 22083 ns, At safepoint: 893542 ns, Leaving safepoint: 5792 ns, Total: 921417 ns, Threads: 1 runnable, 12 total
[2025-12-16T15:11:32.590+0000][2977][info ][gc,marking  ] GC(1) Concurrent Mark 1.407ms
[2025-12-16T15:11:32.590+0000][2977][info ][gc,marking  ] GC(1) Concurrent Rebuild Remembered Sets and Scrub Regions
[2025-12-16T15:11:32.590+0000][2977][info ][gc,marking  ] GC(1) Concurrent Rebuild Remembered Sets and Scrub Regions 0.054ms
[2025-12-16T15:11:32.590+0000][2977][info ][gc,start    ] GC(1) Pause Cleanup
[2025-12-16T15:11:32.590+0000][2977][info ][gc          ] GC(1) Pause Cleanup 27M->27M(31744M) 0.011ms
[2025-12-16T15:11:32.590+0000][2977][info ][gc,cpu      ] GC(1) User=0.00s Sys=0.00s Real=0.00s
[2025-12-16T15:11:32.590+0000][2977][info ][safepoint   ] Safepoint "G1PauseCleanup", Time since last: 100666 ns, Reaching safepoint: 19334 ns, At safepoint: 34916 ns, Leaving safepoint: 2334 ns, Total: 56584 ns, Threads: 2 runnable, 12 total
[2025-12-16T15:11:32.590+0000][2977][info ][gc,marking  ] GC(1) Concurrent Clear Claimed Marks
[2025-12-16T15:11:32.590+0000][2977][info ][gc,marking  ] GC(1) Concurrent Clear Claimed Marks 0.009ms
[2025-12-16T15:11:32.590+0000][2977][info ][gc,marking  ] GC(1) Concurrent Cleanup for Next Mark
[2025-12-16T15:11:32.600+0000][2977][info ][gc,marking  ] GC(1) Concurrent Cleanup for Next Mark 10.108ms
[2025-12-16T15:11:32.600+0000][2977][info ][gc          ] GC(1) Concurrent Mark Cycle 15.478ms
[2025-12-16T15:11:33.819+0000][2977][info ][gc,start    ] GC(2) Pause Young (Normal) (G1 Evacuation Pause)
[2025-12-16T15:11:33.819+0000][2977][info ][gc,task     ] GC(2) Using 11 workers of 11 for evacuation
[2025-12-16T15:11:33.819+0000][2977][debug][gc,age      ] GC(2) Desired survivor size 109051904 bytes, new threshold 15 (max threshold 15)
[2025-12-16T15:11:33.824+0000][2977][info ][gc,phases   ] GC(2)   Pre Evacuate Collection Set: 0.19ms
[2025-12-16T15:11:33.824+0000][2977][info ][gc,phases   ] GC(2)   Merge Heap Roots: 0.06ms
[2025-12-16T15:11:33.824+0000][2977][info ][gc,phases   ] GC(2)   Evacuate Collection Set: 4.25ms
[2025-12-16T15:11:33.825+0000][2977][info ][gc,phases   ] GC(2)   Post Evacuate Collection Set: 0.64ms
[2025-12-16T15:11:33.825+0000][2977][info ][gc,phases   ] GC(2)   Other: 0.10ms
[2025-12-16T15:11:33.825+0000][2977][trace][gc,age      ] GC(2) Age table:
[2025-12-16T15:11:33.825+0000][2977][trace][gc,age      ] GC(2) - age   1:    9076864 bytes,    9076864 total
[2025-12-16T15:11:33.825+0000][2977][trace][gc,age      ] GC(2) - age   2:   11441952 bytes,   20518816 total
[2025-12-16T15:11:33.825+0000][2977][info ][gc,heap     ] GC(2) Eden regions: 98->0(417)
[2025-12-16T15:11:33.825+0000][2977][info ][gc,heap     ] GC(2) Survivor regions: 1->2(13)
[2025-12-16T15:11:33.825+0000][2977][info ][gc,heap     ] GC(2) Old regions: 0->0
[2025-12-16T15:11:33.825+0000][2977][info ][gc,heap     ] GC(2) Humongous regions: 0->0
[2025-12-16T15:11:33.825+0000][2977][info ][gc,metaspace] GC(2) Metaspace: 32661K(33408K)->32661K(33408K) NonClass: 29885K(30336K)->29885K(30336K) Class: 2775K(3072K)->2775K(3072K)
[2025-12-16T15:11:33.825+0000][2977][info ][gc          ] GC(2) Pause Young (Normal) (G1 Evacuation Pause) 1579M->20M(31744M) 5.444ms
[2025-12-16T15:11:33.825+0000][2977][info ][gc,cpu      ] GC(2) User=0.04s Sys=0.01s Real=0.01s
[2025-12-16T15:11:33.825+0000][2977][info ][safepoint   ] Safepoint "G1CollectForAllocation", Time since last: 1228923291 ns, Reaching safepoint: 2542 ns, At safepoint: 5488708 ns, Leaving safepoint: 14000 ns, Total: 5505250 ns, Threads: 0 runnable, 15 total
[2025-12-16T15:11:34.188+0000][2977][info ][safepoint   ] Safepoint "SetNotifyJvmtiEventsMode", Time since last: 363357834 ns, Reaching safepoint: 4583 ns, At safepoint: 12917 ns, Leaving safepoint: 625 ns, Total: 18125 ns, Threads: 0 runnable, 16 total
[2025-12-16T15:11:34.291+0000][2977][info ][gc,start    ] GC(3) Pause Young (Concurrent Start) (Metadata GC Threshold)
[2025-12-16T15:11:34.291+0000][2977][info ][gc,task     ] GC(3) Using 11 workers of 11 for evacuation
[2025-12-16T15:11:34.291+0000][2977][debug][gc,age      ] GC(3) Desired survivor size 444596224 bytes, new threshold 15 (max threshold 15)
[2025-12-16T15:11:34.298+0000][2977][info ][gc,phases   ] GC(3)   Pre Evacuate Collection Set: 0.36ms
[2025-12-16T15:11:34.298+0000][2977][info ][gc,phases   ] GC(3)   Merge Heap Roots: 0.06ms
[2025-12-16T15:11:34.298+0000][2977][info ][gc,phases   ] GC(3)   Evacuate Collection Set: 4.93ms
[2025-12-16T15:11:34.298+0000][2977][info ][gc,phases   ] GC(3)   Post Evacuate Collection Set: 0.93ms
[2025-12-16T15:11:34.298+0000][2977][info ][gc,phases   ] GC(3)   Other: 0.11ms
[2025-12-16T15:11:34.298+0000][2977][trace][gc,age      ] GC(3) Age table:
[2025-12-16T15:11:34.298+0000][2977][trace][gc,age      ] GC(3) - age   1:    1769456 bytes,    1769456 total
[2025-12-16T15:11:34.298+0000][2977][trace][gc,age      ] GC(3) - age   2:    8142944 bytes,    9912400 total
[2025-12-16T15:11:34.298+0000][2977][trace][gc,age      ] GC(3) - age   3:   11424624 bytes,   21337024 total
[2025-12-16T15:11:34.298+0000][2977][info ][gc,heap     ] GC(3) Eden regions: 29->0(726)
[2025-12-16T15:11:34.298+0000][2977][info ][gc,heap     ] GC(3) Survivor regions: 2->2(53)
[2025-12-16T15:11:34.298+0000][2977][info ][gc,heap     ] GC(3) Old regions: 0->0
[2025-12-16T15:11:34.298+0000][2977][info ][gc,heap     ] GC(3) Humongous regions: 0->0
[2025-12-16T15:11:34.298+0000][2977][info ][gc,metaspace] GC(3) Metaspace: 35408K(36096K)->35408K(36096K) NonClass: 32427K(32832K)->32427K(32832K) Class: 2981K(3264K)->2981K(3264K)
[2025-12-16T15:11:34.298+0000][2977][info ][gc          ] GC(3) Pause Young (Concurrent Start) (Metadata GC Threshold) 484M->21M(31744M) 6.562ms
[2025-12-16T15:11:34.298+0000][2977][info ][gc,cpu      ] GC(3) User=0.04s Sys=0.01s Real=0.00s
[2025-12-16T15:11:34.298+0000][2977][info ][gc          ] GC(4) Concurrent Mark Cycle
[2025-12-16T15:11:34.298+0000][2977][info ][gc,marking  ] GC(4) Concurrent Scan Root Regions
[2025-12-16T15:11:34.298+0000][2977][info ][safepoint   ] Safepoint "CollectForMetadataAllocation", Time since last: 103286416 ns, Reaching safepoint: 50292 ns, At safepoint: 6617958 ns, Leaving safepoint: 25709 ns, Total: 6693959 ns, Threads: 1 runnable, 16 total
[2025-12-16T15:11:34.304+0000][2977][info ][gc,marking  ] GC(4) Concurrent Scan Root Regions 5.564ms
[2025-12-16T15:11:34.304+0000][2977][info ][gc,marking  ] GC(4) Concurrent Mark
[2025-12-16T15:11:34.304+0000][2977][info ][gc,marking  ] GC(4) Concurrent Mark From Roots
[2025-12-16T15:11:34.304+0000][2977][info ][gc,task     ] GC(4) Using 3 workers of 3 for marking
[2025-12-16T15:11:34.304+0000][2977][info ][gc,marking  ] GC(4) Concurrent Mark From Roots 0.286ms
[2025-12-16T15:11:34.304+0000][2977][info ][gc,marking  ] GC(4) Concurrent Preclean
[2025-12-16T15:11:34.304+0000][2977][info ][gc,marking  ] GC(4) Concurrent Preclean 0.008ms
[2025-12-16T15:11:34.304+0000][2977][info ][gc,start    ] GC(4) Pause Remark
[2025-12-16T15:11:34.306+0000][2977][info ][gc          ] GC(4) Pause Remark 29M->29M(31744M) 1.931ms
[2025-12-16T15:11:34.306+0000][2977][info ][gc,cpu      ] GC(4) User=0.02s Sys=0.01s Real=0.00s
[2025-12-16T15:11:34.306+0000][2977][info ][safepoint   ] Safepoint "G1PauseRemark", Time since last: 5922958 ns, Reaching safepoint: 28708 ns, At safepoint: 2020209 ns, Leaving safepoint: 4083 ns, Total: 2053000 ns, Threads: 1 runnable, 16 total
[2025-12-16T15:11:34.306+0000][2977][info ][gc,marking  ] GC(4) Concurrent Mark 2.411ms
[2025-12-16T15:11:34.306+0000][2977][info ][gc,marking  ] GC(4) Concurrent Rebuild Remembered Sets and Scrub Regions
[2025-12-16T15:11:34.306+0000][2977][info ][gc,marking  ] GC(4) Concurrent Rebuild Remembered Sets and Scrub Regions 0.052ms
[2025-12-16T15:11:34.306+0000][2977][info ][gc,start    ] GC(4) Pause Cleanup
[2025-12-16T15:11:34.306+0000][2977][info ][gc          ] GC(4) Pause Cleanup 29M->29M(31744M) 0.015ms
[2025-12-16T15:11:34.306+0000][2977][info ][gc,cpu      ] GC(4) User=0.00s Sys=0.00s Real=0.00s
[2025-12-16T15:11:34.306+0000][2977][info ][safepoint   ] Safepoint "G1PauseCleanup", Time since last: 101958 ns, Reaching safepoint: 230834 ns, At safepoint: 32291 ns, Leaving safepoint: 1834 ns, Total: 264959 ns, Threads: 2 runnable, 16 total
[2025-12-16T15:11:34.306+0000][2977][info ][gc,marking  ] GC(4) Concurrent Clear Claimed Marks
[2025-12-16T15:11:34.306+0000][2977][info ][gc,marking  ] GC(4) Concurrent Clear Claimed Marks 0.012ms
[2025-12-16T15:11:34.306+0000][2977][info ][gc,marking  ] GC(4) Concurrent Cleanup for Next Mark
[2025-12-16T15:11:34.326+0000][2977][info ][safepoint   ] Safepoint "RedefineClasses", Time since last: 6162083 ns, Reaching safepoint: 14958 ns, At safepoint: 13929792 ns, Leaving safepoint: 26792 ns, Total: 13971542 ns, Threads: 0 runnable, 16 total
[2025-12-16T15:11:34.337+0000][2977][info ][gc,marking  ] GC(4) Concurrent Cleanup for Next Mark 30.669ms
[2025-12-16T15:11:34.337+0000][2977][info ][gc          ] GC(4) Concurrent Mark Cycle 39.140ms
[2025-12-16T15:11:35.569+0000][2977][info ][gc,start    ] GC(5) Pause Young (Concurrent Start) (Metadata GC Threshold)
[2025-12-16T15:11:35.569+0000][2977][info ][gc,task     ] GC(5) Using 11 workers of 11 for evacuation
[2025-12-16T15:11:35.569+0000][2977][debug][gc,age      ] GC(5) Desired survivor size 763363328 bytes, new threshold 15 (max threshold 15)
[2025-12-16T15:11:35.578+0000][2977][info ][gc,phases   ] GC(5)   Pre Evacuate Collection Set: 0.21ms
[2025-12-16T15:11:35.578+0000][2977][info ][gc,phases   ] GC(5)   Merge Heap Roots: 0.03ms
[2025-12-16T15:11:35.578+0000][2977][info ][gc,phases   ] GC(5)   Evacuate Collection Set: 7.86ms
[2025-12-16T15:11:35.578+0000][2977][info ][gc,phases   ] GC(5)   Post Evacuate Collection Set: 1.50ms
[2025-12-16T15:11:35.578+0000][2977][info ][gc,phases   ] GC(5)   Other: 0.08ms
[2025-12-16T15:11:35.578+0000][2977][trace][gc,age      ] GC(5) Age table:
[2025-12-16T15:11:35.578+0000][2977][trace][gc,age      ] GC(5) - age   1:   28413240 bytes,   28413240 total
[2025-12-16T15:11:35.578+0000][2977][trace][gc,age      ] GC(5) - age   2:    1536280 bytes,   29949520 total
[2025-12-16T15:11:35.578+0000][2977][trace][gc,age      ] GC(5) - age   3:    8094232 bytes,   38043752 total
[2025-12-16T15:11:35.578+0000][2977][trace][gc,age      ] GC(5) - age   4:   11399816 bytes,   49443568 total
[2025-12-16T15:11:35.578+0000][2977][info ][gc,heap     ] GC(5) Eden regions: 34->0(1186)
[2025-12-16T15:11:35.578+0000][2977][info ][gc,heap     ] GC(5) Survivor regions: 2->4(91)
[2025-12-16T15:11:35.578+0000][2977][info ][gc,heap     ] GC(5) Old regions: 0->0
[2025-12-16T15:11:35.578+0000][2977][info ][gc,heap     ] GC(5) Humongous regions: 0->0
[2025-12-16T15:11:35.578+0000][2977][info ][gc,metaspace] GC(5) Metaspace: 59227K(60480K)->59227K(60480K) NonClass: 53603K(54400K)->53603K(54400K) Class: 5624K(6080K)->5624K(6080K)
[2025-12-16T15:11:35.578+0000][2977][info ][gc          ] GC(5) Pause Young (Concurrent Start) (Metadata GC Threshold) 557M->50M(31744M) 9.942ms
[2025-12-16T15:11:35.579+0000][2977][info ][gc          ] GC(6) Concurrent Mark Cycle
[2025-12-16T15:11:35.579+0000][2977][info ][gc,cpu      ] GC(5) User=0.07s Sys=0.01s Real=0.01s
[2025-12-16T15:11:35.579+0000][2977][info ][gc,marking  ] GC(6) Concurrent Scan Root Regions
[2025-12-16T15:11:35.579+0000][2977][info ][safepoint   ] Safepoint "CollectForMetadataAllocation", Time since last: 1242042250 ns, Reaching safepoint: 7541 ns, At safepoint: 10042709 ns, Leaving safepoint: 7041 ns, Total: 10057291 ns, Threads: 0 runnable, 17 total
[2025-12-16T15:11:35.585+0000][2977][info ][gc,marking  ] GC(6) Concurrent Scan Root Regions 6.598ms
[2025-12-16T15:11:35.585+0000][2977][info ][gc,marking  ] GC(6) Concurrent Mark
[2025-12-16T15:11:35.585+0000][2977][info ][gc,marking  ] GC(6) Concurrent Mark From Roots
[2025-12-16T15:11:35.585+0000][2977][info ][gc,task     ] GC(6) Using 3 workers of 3 for marking
[2025-12-16T15:11:35.585+0000][2977][info ][gc,marking  ] GC(6) Concurrent Mark From Roots 0.282ms
[2025-12-16T15:11:35.585+0000][2977][info ][gc,marking  ] GC(6) Concurrent Preclean
[2025-12-16T15:11:35.585+0000][2977][info ][gc,marking  ] GC(6) Concurrent Preclean 0.008ms
[2025-12-16T15:11:35.586+0000][2977][info ][gc,start    ] GC(6) Pause Remark
[2025-12-16T15:11:35.591+0000][2977][info ][gc          ] GC(6) Pause Remark 58M->58M(31744M) 5.445ms
[2025-12-16T15:11:35.591+0000][2977][info ][gc,cpu      ] GC(6) User=0.02s Sys=0.00s Real=0.01s
[2025-12-16T15:11:35.591+0000][2977][info ][safepoint   ] Safepoint "G1PauseRemark", Time since last: 6916084 ns, Reaching safepoint: 24541 ns, At safepoint: 5536417 ns, Leaving safepoint: 10458 ns, Total: 5571416 ns, Threads: 1 runnable, 17 total
[2025-12-16T15:11:35.591+0000][2977][info ][gc,marking  ] GC(6) Concurrent Mark 5.927ms
[2025-12-16T15:11:35.591+0000][2977][info ][gc,marking  ] GC(6) Concurrent Rebuild Remembered Sets and Scrub Regions
[2025-12-16T15:11:35.591+0000][2977][info ][gc,marking  ] GC(6) Concurrent Rebuild Remembered Sets and Scrub Regions 0.065ms
[2025-12-16T15:11:35.591+0000][2977][info ][gc,start    ] GC(6) Pause Cleanup
[2025-12-16T15:11:35.591+0000][2977][info ][gc          ] GC(6) Pause Cleanup 58M->58M(31744M) 0.027ms
[2025-12-16T15:11:35.591+0000][2977][info ][gc,cpu      ] GC(6) User=0.00s Sys=0.00s Real=0.00s
[2025-12-16T15:11:35.591+0000][2977][info ][safepoint   ] Safepoint "G1PauseCleanup", Time since last: 135709 ns, Reaching safepoint: 25333 ns, At safepoint: 56417 ns, Leaving safepoint: 2333 ns, Total: 84083 ns, Threads: 1 runnable, 17 total
[2025-12-16T15:11:35.591+0000][2977][info ][gc,marking  ] GC(6) Concurrent Clear Claimed Marks
[2025-12-16T15:11:35.591+0000][2977][info ][gc,marking  ] GC(6) Concurrent Clear Claimed Marks 0.028ms
[2025-12-16T15:11:35.591+0000][2977][info ][gc,marking  ] GC(6) Concurrent Cleanup for Next Mark
[2025-12-16T15:11:35.603+0000][2977][info ][gc,marking  ] GC(6) Concurrent Cleanup for Next Mark 11.604ms
[2025-12-16T15:11:35.603+0000][2977][info ][gc          ] GC(6) Concurrent Mark Cycle 24.479ms
[2025-12-16T15:11:37.502+0000][2977][info ][gc,start    ] GC(7) Pause Young (Concurrent Start) (Metadata GC Threshold)
[2025-12-16T15:11:37.502+0000][2977][info ][gc,task     ] GC(7) Using 11 workers of 11 for evacuation
[2025-12-16T15:11:37.502+0000][2977][debug][gc,age      ] GC(7) Desired survivor size 1249902592 bytes, new threshold 15 (max threshold 15)
[2025-12-16T15:11:37.520+0000][2977][info ][gc,phases   ] GC(7)   Pre Evacuate Collection Set: 0.29ms
[2025-12-16T15:11:37.520+0000][2977][info ][gc,phases   ] GC(7)   Merge Heap Roots: 0.05ms
[2025-12-16T15:11:37.520+0000][2977][info ][gc,phases   ] GC(7)   Evacuate Collection Set: 15.42ms
[2025-12-16T15:11:37.520+0000][2977][info ][gc,phases   ] GC(7)   Post Evacuate Collection Set: 2.41ms
[2025-12-16T15:11:37.520+0000][2977][info ][gc,phases   ] GC(7)   Other: 0.11ms
[2025-12-16T15:11:37.520+0000][2977][trace][gc,age      ] GC(7) Age table:
[2025-12-16T15:11:37.520+0000][2977][trace][gc,age      ] GC(7) - age   1:   17906960 bytes,   17906960 total
[2025-12-16T15:11:37.520+0000][2977][trace][gc,age      ] GC(7) - age   2:   27846112 bytes,   45753072 total
[2025-12-16T15:11:37.520+0000][2977][trace][gc,age      ] GC(7) - age   3:    1529520 bytes,   47282592 total
[2025-12-16T15:11:37.520+0000][2977][trace][gc,age      ] GC(7) - age   4:    8071712 bytes,   55354304 total
[2025-12-16T15:11:37.520+0000][2977][trace][gc,age      ] GC(7) - age   5:   11374512 bytes,   66728816 total
[2025-12-16T15:11:37.520+0000][2977][info ][gc,heap     ] GC(7) Eden regions: 42->0(1185)
[2025-12-16T15:11:37.520+0000][2977][info ][gc,heap     ] GC(7) Survivor regions: 4->5(149)
[2025-12-16T15:11:37.520+0000][2977][info ][gc,heap     ] GC(7) Old regions: 0->0
[2025-12-16T15:11:37.520+0000][2977][info ][gc,heap     ] GC(7) Humongous regions: 0->0
[2025-12-16T15:11:37.520+0000][2977][info ][gc,metaspace] GC(7) Metaspace: 99493K(101376K)->99493K(101376K) NonClass: 88326K(89472K)->88326K(89472K) Class: 11167K(11904K)->11167K(11904K)
[2025-12-16T15:11:37.520+0000][2977][info ][gc          ] GC(7) Pause Young (Concurrent Start) (Metadata GC Threshold) 722M->68M(31744M) 18.595ms
[2025-12-16T15:11:37.520+0000][2977][info ][gc          ] GC(8) Concurrent Mark Cycle
[2025-12-16T15:11:37.520+0000][2977][info ][gc,cpu      ] GC(7) User=0.13s Sys=0.03s Real=0.02s
[2025-12-16T15:11:37.520+0000][2977][info ][gc,marking  ] GC(8) Concurrent Scan Root Regions
[2025-12-16T15:11:37.520+0000][2977][info ][safepoint   ] Safepoint "CollectForMetadataAllocation", Time since last: 1910428250 ns, Reaching safepoint: 4333 ns, At safepoint: 18715292 ns, Leaving safepoint: 9792 ns, Total: 18729417 ns, Threads: 0 runnable, 20 total
[2025-12-16T15:11:37.529+0000][2977][info ][gc,marking  ] GC(8) Concurrent Scan Root Regions 8.151ms
[2025-12-16T15:11:37.529+0000][2977][info ][gc,marking  ] GC(8) Concurrent Mark
[2025-12-16T15:11:37.529+0000][2977][info ][gc,marking  ] GC(8) Concurrent Mark From Roots
[2025-12-16T15:11:37.529+0000][2977][info ][gc,task     ] GC(8) Using 3 workers of 3 for marking
[2025-12-16T15:11:37.529+0000][2977][info ][gc,marking  ] GC(8) Concurrent Mark From Roots 0.491ms
[2025-12-16T15:11:37.529+0000][2977][info ][gc,marking  ] GC(8) Concurrent Preclean
[2025-12-16T15:11:37.529+0000][2977][info ][gc,marking  ] GC(8) Concurrent Preclean 0.010ms
[2025-12-16T15:11:37.529+0000][2977][info ][gc,start    ] GC(8) Pause Remark
[2025-12-16T15:11:37.536+0000][2977][info ][gc          ] GC(8) Pause Remark 76M->76M(31744M) 6.148ms
[2025-12-16T15:11:37.536+0000][2977][info ][gc,cpu      ] GC(8) User=0.01s Sys=0.00s Real=0.01s
[2025-12-16T15:11:37.536+0000][2977][info ][safepoint   ] Safepoint "G1PauseRemark", Time since last: 8711458 ns, Reaching safepoint: 234667 ns, At safepoint: 6214958 ns, Leaving safepoint: 7875 ns, Total: 6457500 ns, Threads: 1 runnable, 20 total
[2025-12-16T15:11:37.536+0000][2977][info ][gc,marking  ] GC(8) Concurrent Mark 7.040ms
[2025-12-16T15:11:37.536+0000][2977][info ][gc,marking  ] GC(8) Concurrent Rebuild Remembered Sets and Scrub Regions
[2025-12-16T15:11:37.536+0000][2977][info ][gc,marking  ] GC(8) Concurrent Rebuild Remembered Sets and Scrub Regions 0.037ms
[2025-12-16T15:11:37.536+0000][2977][info ][gc,start    ] GC(8) Pause Cleanup
[2025-12-16T15:11:37.536+0000][2977][info ][gc          ] GC(8) Pause Cleanup 76M->76M(31744M) 0.009ms
[2025-12-16T15:11:37.536+0000][2977][info ][gc,cpu      ] GC(8) User=0.00s Sys=0.00s Real=0.00s
[2025-12-16T15:11:37.536+0000][2977][info ][safepoint   ] Safepoint "G1PauseCleanup", Time since last: 73125 ns, Reaching safepoint: 19792 ns, At safepoint: 24708 ns, Leaving safepoint: 1750 ns, Total: 46250 ns, Threads: 1 runnable, 20 total
[2025-12-16T15:11:37.536+0000][2977][info ][gc,marking  ] GC(8) Concurrent Clear Claimed Marks
[2025-12-16T15:11:37.536+0000][2977][info ][gc,marking  ] GC(8) Concurrent Clear Claimed Marks 0.089ms
[2025-12-16T15:11:37.536+0000][2977][info ][gc,marking  ] GC(8) Concurrent Cleanup for Next Mark
[2025-12-16T15:11:37.552+0000][2977][info ][gc,marking  ] GC(8) Concurrent Cleanup for Next Mark 15.820ms
[2025-12-16T15:11:37.552+0000][2977][info ][gc          ] GC(8) Concurrent Mark Cycle 31.355ms
[2025-12-16T15:11:42.872+0000][2977][info ][gc,exit     ] Heap
[2025-12-16T15:11:42.872+0000][2977][info ][gc,exit     ]  garbage-first heap   total reserved 32505856K, committed 32505856K, used 1143337K [0x0000000301000000, 0x0000000ac1000000)
[2025-12-16T15:11:42.872+0000][2977][info ][gc,exit     ]   region size 16384K, 71 young (1163264K), 5 survivors (81920K)
[2025-12-16T15:11:42.872+0000][2977][info ][gc,exit     ]  Metaspace       used 154348K, committed 158464K, reserved 1245184K
[2025-12-16T15:11:42.872+0000][2977][info ][gc,exit     ]   class space    used 19174K, committed 20992K, reserved 1048576K
